Component: ARM Compiler 5.06 update 6 (build 750) Tool: armlink [4d35ed]

==============================================================================

Section Cross References

    main.o(i.AlarmCheckTrigger) refers to main.o(i.MusicStop) for MusicStop
    main.o(i.AlarmCheckTrigger) refers to main.o(i.UARTPutString) for UARTPutString
    main.o(i.AlarmCheckTrigger) refers to main.o(.data) for g_alarm_enabled
    main.o(i.AlarmLatchCurrentMatch) refers to main.o(.data) for g_alarm_enabled
    main.o(i.AlarmUpdate) refers to main.o(i.BuzzerSet) for BuzzerSet
    main.o(i.AlarmUpdate) refers to main.o(i.UARTPutString) for UARTPutString
    main.o(i.AlarmUpdate) refers to main.o(i.BuzzerTone) for BuzzerTone
    main.o(i.AlarmUpdate) refers to main.o(.data) for g_manual_beep_until_ms
    main.o(i.BuzzerInit) refers to sysctl.o(i.SysCtlPeripheralEnable) for SysCtlPeripheralEnable
    main.o(i.BuzzerInit) refers to sysctl.o(i.SysCtlPeripheralReady) for SysCtlPeripheralReady
    main.o(i.BuzzerInit) refers to gpio.o(i.GPIOPinTypeGPIOOutput) for GPIOPinTypeGPIOOutput
    main.o(i.BuzzerInit) refers to main.o(i.BuzzerSet) for BuzzerSet
    main.o(i.BuzzerSet) refers to main.o(i.BuzzerTone) for BuzzerTone
    main.o(i.BuzzerSet) refers to timer.o(i.TimerEnable) for TimerEnable
    main.o(i.BuzzerSet) refers to timer.o(i.TimerDisable) for TimerDisable
    main.o(i.BuzzerSet) refers to gpio.o(i.GPIOPinWrite) for GPIOPinWrite
    main.o(i.BuzzerSet) refers to main.o(.data) for g_buzzer_enabled
    main.o(i.BuzzerTone) refers to main.o(i.BuzzerSet) for BuzzerSet
    main.o(i.BuzzerTone) refers to timer.o(i.TimerLoadSet) for TimerLoadSet
    main.o(i.BuzzerTone) refers to main.o(.data) for g_buzzer_current_freq
    main.o(i.CharacterToSegment) refers to main.o(.constdata) for g_segment_code
    main.o(i.ClockTick) refers to main.o(i.DateIncrement) for DateIncrement
    main.o(i.ClockTick) refers to main.o(i.FocusUpdate) for FocusUpdate
    main.o(i.ClockTick) refers to main.o(i.AlarmCheckTrigger) for AlarmCheckTrigger
    main.o(i.ClockTick) refers to main.o(i.EqualTimeCheckTrigger) for EqualTimeCheckTrigger
    main.o(i.ClockTick) refers to main.o(.data) for g_second
    main.o(i.CommandEquals) refers to main.o(.bss) for g_uart_rx
    main.o(i.DateIncrement) refers to main.o(i.DaysInMonth) for DaysInMonth
    main.o(i.DateIncrement) refers to main.o(.data) for g_day
    main.o(i.DaysInMonth) refers to main.o(i.IsLeapYear) for IsLeapYear
    main.o(i.DaysInMonth) refers to main.o(.constdata) for days
    main.o(i.DisplayScan) refers to main.o(.data) for g_milliseconds
    main.o(i.DisplayScan) refers to main.o(.constdata) for g_startup_student_id
    main.o(i.DisplayScan) refers to main.o(.bss) for g_scroll_codes
    main.o(i.DisplayScan) refers to main.o(i.I2C0WriteByte) for I2C0WriteByte
    main.o(i.DisplayScan) refers to main.o(i.RotateSegment180) for RotateSegment180
    main.o(i.EditAdd) refers to main.o(i.DaysInMonth) for DaysInMonth
    main.o(i.EditAdd) refers to main.o(.data) for g_edit_mode
    main.o(i.EditBegin) refers to main.o(.data) for g_year
    main.o(i.EditCancel) refers to main.o(.data) for g_edit_mode
    main.o(i.EditSave) refers to main.o(i.UARTPutString) for UARTPutString
    main.o(i.EditSave) refers to main.o(i.UARTPutDateText) for UARTPutDateText
    main.o(i.EditSave) refers to main.o(i.UARTPutTimeText) for UARTPutTimeText
    main.o(i.EditSave) refers to main.o(i.EditCancel) for EditCancel
    main.o(i.EditSave) refers to main.o(i.AlarmLatchCurrentMatch) for AlarmLatchCurrentMatch
    main.o(i.EditSave) refers to main.o(.data) for g_edit_mode
    main.o(i.EqualTimeCheckTrigger) refers to main.o(i.MusicStop) for MusicStop
    main.o(i.EqualTimeCheckTrigger) refers to main.o(i.UARTPutString) for UARTPutString
    main.o(i.EqualTimeCheckTrigger) refers to main.o(i.UARTPutTimeText) for UARTPutTimeText
    main.o(i.EqualTimeCheckTrigger) refers to main.o(.data) for g_hour
    main.o(i.FocusStart) refers to main.o(i.SendDisplayEvent) for SendDisplayEvent
    main.o(i.FocusStart) refers to main.o(i.SendFocusEvent) for SendFocusEvent
    main.o(i.FocusStart) refers to main.o(.data) for g_focus_active
    main.o(i.FocusStop) refers to main.o(i.MusicStop) for MusicStop
    main.o(i.FocusStop) refers to main.o(i.BuzzerTone) for BuzzerTone
    main.o(i.FocusStop) refers to main.o(i.BuzzerSet) for BuzzerSet
    main.o(i.FocusStop) refers to main.o(i.SendDisplayEvent) for SendDisplayEvent
    main.o(i.FocusStop) refers to main.o(i.SendFocusEvent) for SendFocusEvent
    main.o(i.FocusStop) refers to main.o(.data) for g_focus_active
    main.o(i.FocusUpdate) refers to main.o(i.FocusStop) for FocusStop
    main.o(i.FocusUpdate) refers to main.o(.data) for g_focus_active
    main.o(i.HandleKeyPress) refers to main.o(i.KeyOnPressed) for KeyOnPressed
    main.o(i.HandleKeyPress) refers to main.o(i.SendKeyEvent) for SendKeyEvent
[...]
    ../clib/angel/rt.s                       0x00000000   Number         0  rt_raise.o ABSOLUTE
    ../clib/angel/scatter.s                  0x00000000   Number         0  __scatter.o ABSOLUTE
    ../clib/angel/startup.s                  0x00000000   Number         0  __main.o ABSOLUTE
    ../clib/angel/sys.s                      0x00000000   Number         0  libspace.o ABSOLUTE
    ../clib/angel/sys.s                      0x00000000   Number         0  use_no_semi.o ABSOLUTE
    ../clib/angel/sys.s                      0x00000000   Number         0  indicate_semi.o ABSOLUTE
    ../clib/angel/sys.s                      0x00000000   Number         0  sys_stackheap_outer.o ABSOLUTE
    ../clib/angel/sysapp.c                   0x00000000   Number         0  sys_command.o ABSOLUTE
    ../clib/angel/sysapp.c                   0x00000000   Number         0  sys_wrch.o ABSOLUTE
    ../clib/angel/sysapp.c                   0x00000000   Number         0  sys_exit.o ABSOLUTE
    ../clib/armsys.c                         0x00000000   Number         0  argv_veneer.o ABSOLUTE
    ../clib/armsys.c                         0x00000000   Number         0  argv_veneer.o ABSOLUTE
    ../clib/armsys.c                         0x00000000   Number         0  no_argv.o ABSOLUTE
    ../clib/armsys.c                         0x00000000   Number         0  _get_argv_nomalloc.o ABSOLUTE
    ../clib/heapalloc.c                      0x00000000   Number         0  hrguard.o ABSOLUTE
    ../clib/heapaux.c                        0x00000000   Number         0  heapauxi.o ABSOLUTE
    ../clib/libinit.s                        0x00000000   Number         0  libinit.o ABSOLUTE
    ../clib/libinit.s                        0x00000000   Number         0  libinit2.o ABSOLUTE
    ../clib/libinit.s                        0x00000000   Number         0  libshutdown.o ABSOLUTE
    ../clib/libinit.s                        0x00000000   Number         0  libshutdown2.o ABSOLUTE
    ../clib/signal.c                         0x00000000   Number         0  defsig_exit.o ABSOLUTE
    ../clib/signal.c                         0x00000000   Number         0  defsig_rtmem_inner.o ABSOLUTE
    ../clib/signal.c                         0x00000000   Number         0  __raise.o ABSOLUTE
    ../clib/signal.c                         0x00000000   Number         0  defsig_pvfn_inner.o ABSOLUTE
    ../clib/signal.c                         0x00000000   Number         0  defsig_cppl_inner.o ABSOLUTE
    ../clib/signal.c                         0x00000000   Number         0  defsig_segv_inner.o ABSOLUTE
    ../clib/signal.c                         0x00000000   Number         0  defsig_other.o ABSOLUTE
    ../clib/signal.c                         0x00000000   Number         0  defsig_stak_inner.o ABSOLUTE
    ../clib/signal.c                         0x00000000   Number         0  defsig_fpe_inner.o ABSOLUTE
    ../clib/signal.c                         0x00000000   Number         0  defsig_rtred_inner.o ABSOLUTE
    ../clib/signal.c                         0x00000000   Number         0  defsig_rtmem_formal.o ABSOLUTE
    ../clib/signal.c                         0x00000000   Number         0  defsig_rtmem_outer.o ABSOLUTE
    ../clib/signal.c                         0x00000000   Number         0  defsig_general.o ABSOLUTE
    ../clib/signal.c                         0x00000000   Number         0  defsig_abrt_inner.o ABSOLUTE
    ../clib/signal.s                         0x00000000   Number         0  defsig.o ABSOLUTE
    ../clib/stdlib.c                         0x00000000   Number         0  exit.o ABSOLUTE
    ../fplib/fpinit.s                        0x00000000   Number         0  fpinit.o ABSOLUTE
    RTE\Device\TM4C1294NCPDT\startup_TM4C129.s 0x00000000   Number         0  startup_tm4c129.o ABSOLUTE
    RTE\Device\TM4C1294NCPDT\system_TM4C129.c 0x00000000   Number         0  system_tm4c129.o ABSOLUTE
    RTE\\Device\\TM4C1294NCPDT\\system_TM4C129.c 0x00000000   Number         0  system_tm4c129.o ABSOLUTE
    cpu.c                                    0x00000000   Number         0  cpu.o ABSOLUTE
    cpu.c                                    0x00000000   Number         0  cpu.o ABSOLUTE
    dc.s                                     0x00000000   Number         0  dc.o ABSOLUTE
    gpio.c                                   0x00000000   Number         0  gpio.o ABSOLUTE
    i2c.c                                    0x00000000   Number         0  i2c.o ABSOLUTE
    interrupt.c                              0x00000000   Number         0  interrupt.o ABSOLUTE
    src\main.c                               0x00000000   Number         0  main.o ABSOLUTE
    sysctl.c                                 0x00000000   Number         0  sysctl.o ABSOLUTE
    sysctl.c                                 0x00000000   Number         0  sysctl.o ABSOLUTE
    systick.c                                0x00000000   Number         0  systick.o ABSOLUTE
    timer.c                                  0x00000000   Number         0  timer.o ABSOLUTE
    uart.c                                   0x00000000   Number         0  uart.o ABSOLUTE
    !!!main                                  0x00000200   Section        8  __main.o(!!!main)
    !!!scatter                               0x00000208   Section       52  __scatter.o(!!!scatter)
    !!handler_copy                           0x0000023c   Section       26  __scatter_copy.o(!!handler_copy)
    !!handler_zi                             0x00000258   Section       28  __scatter_zi.o(!!handler_zi)
    .ARM.Collect$$libinit$$00000000          0x00000274   Section        2  libinit.o(.ARM.Collect$$libinit$$00000000)
    .ARM.Collect$$libinit$$00000001          0x00000276   Section        4  libinit2.o(.ARM.Collect$$libinit$$00000001)
    .ARM.Collect$$libinit$$00000004          0x0000027a   Section        0  libinit2.o(.ARM.Collect$$libinit$$00000004)
    .ARM.Collect$$libinit$$0000000A          0x0000027a   Section        0  libinit2.o(.ARM.Collect$$libinit$$0000000A)
    .ARM.Collect$$libinit$$0000000C          0x0000027a   Section        0  libinit2.o(.ARM.Collect$$libinit$$0000000C)
    .ARM.Collect$$libinit$$0000000E          0x0000027a   Section        0  libinit2.o(.ARM.Collect$$libinit$$0000000E)
    .ARM.Collect$$libinit$$00000011          0x0000027a   Section        0  libinit2.o(.ARM.Collect$$libinit$$00000011)
    .ARM.Collect$$libinit$$00000013          0x0000027a   Section        0  libinit2.o(.ARM.Collect$$libinit$$00000013)
    .ARM.Collect$$libinit$$00000015          0x0000027a   Section        0  libinit2.o(.ARM.Collect$$libinit$$00000015)
    .ARM.Collect$$libinit$$00000017          0x0000027a   Section        0  libinit2.o(.ARM.Collect$$libinit$$00000017)
    .ARM.Collect$$libinit$$00000019          0x0000027a   Section        0  libinit2.o(.ARM.Collect$$libinit$$00000019)
    .ARM.Collect$$libinit$$0000001B          0x0000027a   Section        0  libinit2.o(.ARM.Collect$$libinit$$0000001B)
    .ARM.Collect$$libinit$$0000001D          0x0000027a   Section        0  libinit2.o(.ARM.Collect$$libinit$$0000001D)
    .ARM.Collect$$libinit$$0000001F          0x0000027a   Section        0  libinit2.o(.ARM.Collect$$libinit$$0000001F)
    .ARM.Collect$$libinit$$00000021          0x0000027a   Section        0  libinit2.o(.ARM.Collect$$libinit$$00000021)
    .ARM.Collect$$libinit$$00000023          0x0000027a   Section        0  libinit2.o(.ARM.Collect$$libinit$$00000023)
    .ARM.Collect$$libinit$$00000025          0x0000027a   Section        0  libinit2.o(.ARM.Collect$$libinit$$00000025)
    .ARM.Collect$$libinit$$0000002C          0x0000027a   Section        0  libinit2.o(.ARM.Collect$$libinit$$0000002C)
    .ARM.Collect$$libinit$$0000002E          0x0000027a   Section        0  libinit2.o(.ARM.Collect$$libinit$$0000002E)
    .ARM.Collect$$libinit$$00000030          0x0000027a   Section        0  libinit2.o(.ARM.Collect$$libinit$$00000030)
    .ARM.Collect$$libinit$$00000032          0x0000027a   Section        0  libinit2.o(.ARM.Collect$$libinit$$00000032)
    .ARM.Collect$$libinit$$00000033          0x0000027a   Section        2  libinit2.o(.ARM.Collect$$libinit$$00000033)
    .ARM.Collect$$libshutdown$$00000000      0x0000027c   Section        2  libshutdown.o(.ARM.Collect$$libshutdown$$00000000)
    .ARM.Collect$$libshutdown$$00000002      0x0000027e   Section        0  libshutdown2.o(.ARM.Collect$$libshutdown$$00000002)
    .ARM.Collect$$libshutdown$$00000004      0x0000027e   Section        0  libshutdown2.o(.ARM.Collect$$libshutdown$$00000004)
    .ARM.Collect$$libshutdown$$00000007      0x0000027e   Section        0  libshutdown2.o(.ARM.Collect$$libshutdown$$00000007)
    .ARM.Collect$$libshutdown$$0000000A      0x0000027e   Section        0  libshutdown2.o(.ARM.Collect$$libshutdown$$0000000A)
    .ARM.Collect$$libshutdown$$0000000C      0x0000027e   Section        0  libshutdown2.o(.ARM.Collect$$libshutdown$$0000000C)
    .ARM.Collect$$libshutdown$$0000000F      0x0000027e   Section        0  libshutdown2.o(.ARM.Collect$$libshutdown$$0000000F)
    .ARM.Collect$$libshutdown$$00000010      0x0000027e   Section        2  libshutdown2.o(.ARM.Collect$$libshutdown$$00000010)
    .ARM.Collect$$rtentry$$00000000          0x00000280   Section        0  __rtentry.o(.ARM.Collect$$rtentry$$00000000)
    .ARM.Collect$$rtentry$$00000002          0x00000280   Section        0  __rtentry2.o(.ARM.Collect$$rtentry$$00000002)
    .ARM.Collect$$rtentry$$00000004          0x00000280   Section        6  __rtentry4.o(.ARM.Collect$$rtentry$$00000004)
    .ARM.Collect$$rtentry$$00000009          0x00000286   Section        0  __rtentry2.o(.ARM.Collect$$rtentry$$00000009)
    .ARM.Collect$$rtentry$$0000000A          0x00000286   Section        4  __rtentry2.o(.ARM.Collect$$rtentry$$0000000A)
    .ARM.Collect$$rtentry$$0000000C          0x0000028a   Section        0  __rtentry2.o(.ARM.Collect$$rtentry$$0000000C)
    .ARM.Collect$$rtentry$$0000000D          0x0000028a   Section        8  __rtentry2.o(.ARM.Collect$$rtentry$$0000000D)
    .ARM.Collect$$rtexit$$00000000           0x00000292   Section        2  rtexit.o(.ARM.Collect$$rtexit$$00000000)
    .ARM.Collect$$rtexit$$00000002           0x00000294   Section        0  rtexit2.o(.ARM.Collect$$rtexit$$00000002)
    .ARM.Collect$$rtexit$$00000003           0x00000294   Section        4  rtexit2.o(.ARM.Collect$$rtexit$$00000003)
    .ARM.Collect$$rtexit$$00000004           0x00000298   Section        6  rtexit2.o(.ARM.Collect$$rtexit$$00000004)
    .emb_text                                0x000002a0   Section       38  cpu.o(.emb_text)
    $v0                                      0x000002a0   Number         0  cpu.o(.emb_text)
    .text                                    0x000002c8   Section      300  startup_tm4c129.o(.text)
    $v0                                      0x000002c8   Number         0  startup_tm4c129.o(.text)
    .text                                    0x000003f4   Section        0  heapauxi.o(.text)
    .text                                    0x000003fa   Section       74  sys_stackheap_outer.o(.text)
    .text                                    0x00000444   Section        0  exit.o(.text)
    .text                                    0x00000458   Section        8  libspace.o(.text)
    .text                                    0x00000460   Section        0  sys_exit.o(.text)
    .text                                    0x0000046c   Section        2  use_no_semi.o(.text)
    .text                                    0x0000046e   Section        0  indicate_semi.o(.text)
    i.AlarmCheckTrigger                      0x00000470   Section        0  main.o(i.AlarmCheckTrigger)
    AlarmCheckTrigger                        0x00000471   Thumb Code   108  main.o(i.AlarmCheckTrigger)
    i.AlarmLatchCurrentMatch                 0x00000518   Section        0  main.o(i.AlarmLatchCurrentMatch)
    AlarmLatchCurrentMatch                   0x00000519   Thumb Code    54  main.o(i.AlarmLatchCurrentMatch)
    i.AlarmUpdate                            0x00000570   Section        0  main.o(i.AlarmUpdate)
    AlarmUpdate                              0x00000571   Thumb Code   132  main.o(i.AlarmUpdate)
    i.BuzzerDuty                             0x0000061c   Section        0  main.o(i.BuzzerDuty)
    BuzzerDuty                               0x0000061d   Thumb Code     2  main.o(i.BuzzerDuty)
    i.BuzzerInit                             0x00000620   Section        0  main.o(i.BuzzerInit)
    BuzzerInit                               0x00000621   Thumb Code    36  main.o(i.BuzzerInit)
    i.BuzzerSet                              0x0000064c   Section        0  main.o(i.BuzzerSet)
    BuzzerSet                                0x0000064d   Thumb Code    66  main.o(i.BuzzerSet)
    i.BuzzerTone                             0x000006a4   Section        0  main.o(i.BuzzerTone)
    BuzzerTone                               0x000006a5   Thumb Code    48  main.o(i.BuzzerTone)
    i.CharacterToSegment                     0x000006e0   Section        0  main.o(i.CharacterToSegment)
    CharacterToSegment                       0x000006e1   Thumb Code   190  main.o(i.CharacterToSegment)
    i.ClockTick                              0x000007a4   Section        0  main.o(i.ClockTick)
    ClockTick                                0x000007a5   Thumb Code    86  main.o(i.ClockTick)
    i.CommandEquals                          0x00000808   Section        0  main.o(i.CommandEquals)
    CommandEquals                            0x00000809   Thumb Code    42  main.o(i.CommandEquals)
    i.DateIncrement                          0x00000838   Section        0  main.o(i.DateIncrement)
    DateIncrement                            0x00000839   Thumb Code    90  main.o(i.DateIncrement)
    i.DaysInMonth                            0x000008a0   Section        0  main.o(i.DaysInMonth)
    DaysInMonth                              0x000008a1   Thumb Code    40  main.o(i.DaysInMonth)
    i.DisplayScan                            0x000008cc   Section        0  main.o(i.DisplayScan)
    DisplayScan                              0x000008cd   Thumb Code  1430  main.o(i.DisplayScan)
    i.EditAdd                                0x00000e7c   Section        0  main.o(i.EditAdd)
    EditAdd                                  0x00000e7d   Thumb Code   544  main.o(i.EditAdd)
    i.EditBegin                              0x000010cc   Section        0  main.o(i.EditBegin)
    EditBegin                                0x000010cd   Thumb Code   100  main.o(i.EditBegin)
    i.EditCancel                             0x0000118c   Section        0  main.o(i.EditCancel)
    EditCancel                               0x0000118d   Thumb Code    12  main.o(i.EditCancel)
    i.EditSave                               0x000011a0   Section        0  main.o(i.EditSave)
    EditSave                                 0x000011a1   Thumb Code   244  main.o(i.EditSave)
    i.EqualTimeCheckTrigger                  0x00001348   Section        0  main.o(i.EqualTimeCheckTrigger)
    EqualTimeCheckTrigger                    0x00001349   Thumb Code   128  main.o(i.EqualTimeCheckTrigger)
    i.FocusStart                             0x00001408   Section        0  main.o(i.FocusStart)
    FocusStart                               0x00001409   Thumb Code    34  main.o(i.FocusStart)
    i.FocusStop                              0x0000143c   Section        0  main.o(i.FocusStop)
    FocusStop                                0x0000143d   Thumb Code    80  main.o(i.FocusStop)
    i.FocusUpdate                            0x000014ac   Section        0  main.o(i.FocusUpdate)
    FocusUpdate                              0x000014ad   Thumb Code    42  main.o(i.FocusUpdate)
    i.GPIODirModeSet                         0x000014e0   Section        0  gpio.o(i.GPIODirModeSet)
    i.GPIOPadConfigSet                       0x00001508   Section        0  gpio.o(i.GPIOPadConfigSet)
    i.GPIOPinConfigure                       0x00001640   Section        0  gpio.o(i.GPIOPinConfigure)
    i.GPIOPinRead                            0x00001684   Section        0  gpio.o(i.GPIOPinRead)
    i.GPIOPinTypeGPIOInput                   0x0000168a   Section        0  gpio.o(i.GPIOPinTypeGPIOInput)
    i.GPIOPinTypeGPIOOutput                  0x000016a6   Section        0  gpio.o(i.GPIOPinTypeGPIOOutput)
    i.GPIOPinTypeI2C                         0x000016c2   Section        0  gpio.o(i.GPIOPinTypeI2C)
    i.GPIOPinTypeI2CSCL                      0x000016de   Section        0  gpio.o(i.GPIOPinTypeI2CSCL)
    i.GPIOPinTypeUART                        0x000016fa   Section        0  gpio.o(i.GPIOPinTypeUART)
    i.GPIOPinWrite                           0x00001716   Section        0  gpio.o(i.GPIOPinWrite)
    i.HandleKeyPress                         0x0000171c   Section        0  main.o(i.HandleKeyPress)
    HandleKeyPress                           0x0000171d   Thumb Code    94  main.o(i.HandleKeyPress)
    i.I2C0ReadByte                           0x0000179c   Section        0  main.o(i.I2C0ReadByte)
    I2C0ReadByte                             0x0000179d   Thumb Code    96  main.o(i.I2C0ReadByte)
    i.I2C0WriteByte                          0x00001800   Section        0  main.o(i.I2C0WriteByte)
    I2C0WriteByte                            0x00001801   Thumb Code    96  main.o(i.I2C0WriteByte)
    i.I2CMasterBusy                          0x00001864   Section        0  i2c.o(i.I2CMasterBusy)
    i.I2CMasterControl                       0x00001870   Section        0  i2c.o(i.I2CMasterControl)
    i.I2CMasterDataGet                       0x00001874   Section        0  i2c.o(i.I2CMasterDataGet)
    i.I2CMasterDataPut                       0x00001878   Section        0  i2c.o(i.I2CMasterDataPut)
    i.I2CMasterErr                           0x0000187c   Section        0  i2c.o(i.I2CMasterErr)
    i.I2CMasterInitExpClk                    0x00001894   Section        0  i2c.o(i.I2CMasterInitExpClk)
    i.I2CMasterSlaveAddrSet                  0x000018e8   Section        0  i2c.o(i.I2CMasterSlaveAddrSet)
    i.IntEnable                              0x000018f0   Section        0  interrupt.o(i.IntEnable)
    i.IntMasterEnable                        0x00001954   Section        0  interrupt.o(i.IntMasterEnable)
    i.IntPrioritySet                         0x00001964   Section        0  interrupt.o(i.IntPrioritySet)
    i.IsLeapYear                             0x0000198c   Section        0  main.o(i.IsLeapYear)
    IsLeapYear                               0x0000198d   Thumb Code    42  main.o(i.IsLeapYear)
    i.KeyOnPressed                           0x000019b8   Section        0  main.o(i.KeyOnPressed)
    KeyOnPressed                             0x000019b9   Thumb Code   364  main.o(i.KeyOnPressed)
    i.LEDUpdate                              0x00001b70   Section        0  main.o(i.LEDUpdate)
    LEDUpdate                                0x00001b71   Thumb Code   232  main.o(i.LEDUpdate)
    i.MusicLoadNextNote                      0x00001c98   Section        0  main.o(i.MusicLoadNextNote)
    MusicLoadNextNote                        0x00001c99   Thumb Code   124  main.o(i.MusicLoadNextNote)
    i.MusicStart                             0x00001d34   Section        0  main.o(i.MusicStart)
    MusicStart                               0x00001d35   Thumb Code   106  main.o(i.MusicStart)
    i.MusicStop                              0x00001ddc   Section        0  main.o(i.MusicStop)
    MusicStop                                0x00001ddd   Thumb Code    62  main.o(i.MusicStop)
    i.MusicTimerInit                         0x00001e4c   Section        0  main.o(i.MusicTimerInit)
    MusicTimerInit                           0x00001e4d   Thumb Code   166  main.o(i.MusicTimerInit)
    i.MusicUpdate                            0x00001f04   Section        0  main.o(i.MusicUpdate)
    MusicUpdate                              0x00001f05   Thumb Code    42  main.o(i.MusicUpdate)
    i.NameEquals                             0x00001f50   Section        0  main.o(i.NameEquals)
    NameEquals                               0x00001f51   Thumb Code    42  main.o(i.NameEquals)
    i.Parse2                                 0x00001f7a   Section        0  main.o(i.Parse2)
    Parse2                                   0x00001f7b   Thumb Code    52  main.o(i.Parse2)
    i.Parse4                                 0x00001fae   Section        0  main.o(i.Parse4)
    Parse4                                   0x00001faf   Thumb Code    56  main.o(i.Parse4)
    i.ParseHex2                              0x00001fe6   Section        0  main.o(i.ParseHex2)
    ParseHex2                                0x00001fe7   Thumb Code    76  main.o(i.ParseHex2)
    i.ParseUInt                              0x00002032   Section        0  main.o(i.ParseUInt)
    ParseUInt                                0x00002033   Thumb Code    70  main.o(i.ParseUInt)
    i.ProcessAlarmSet                        0x00002078   Section        0  main.o(i.ProcessAlarmSet)
    ProcessAlarmSet                          0x00002079   Thumb Code   492  main.o(i.ProcessAlarmSet)
    i.ProcessCommand                         0x000022d8   Section        0  main.o(i.ProcessCommand)
    ProcessCommand                           0x000022d9   Thumb Code  5398  main.o(i.ProcessCommand)
    i.ProcessDateSet                         0x00003818   Section        0  main.o(i.ProcessDateSet)
    ProcessDateSet                           0x00003819   Thumb Code   410  main.o(i.ProcessDateSet)
    i.ProcessKeys                            0x000039dc   Section        0  main.o(i.ProcessKeys)
    ProcessKeys                              0x000039dd   Thumb Code   576  main.o(i.ProcessKeys)
    i.ProcessTimeSet                         0x00003c70   Section        0  main.o(i.ProcessTimeSet)
    ProcessTimeSet                           0x00003c71   Thumb Code   456  main.o(i.ProcessTimeSet)
    i.ProcessWeatherSet                      0x00003e88   Section        0  main.o(i.ProcessWeatherSet)
    ProcessWeatherSet                        0x00003e89   Thumb Code   318  main.o(i.ProcessWeatherSet)
    i.ReadToken                              0x00003fcc   Section        0  main.o(i.ReadToken)
    ReadToken                                0x00003fcd   Thumb Code    96  main.o(i.ReadToken)
    i.ReadValue                              0x0000402c   Section        0  main.o(i.ReadValue)
    ReadValue                                0x0000402d   Thumb Code   100  main.o(i.ReadValue)
    i.RotateSegment180                       0x00004090   Section        0  main.o(i.RotateSegment180)
    RotateSegment180                         0x00004091   Thumb Code    78  main.o(i.RotateSegment180)
    i.S800GPIOInit                           0x000040e0   Section        0  main.o(i.S800GPIOInit)
    S800GPIOInit                             0x000040e1   Thumb Code    42  main.o(i.S800GPIOInit)
    i.S800I2CInit                            0x00004114   Section        0  main.o(i.S800I2CInit)
    S800I2CInit                              0x00004115   Thumb Code   128  main.o(i.S800I2CInit)
    i.S800UARTInit                           0x000041b0   Section        0  main.o(i.S800UARTInit)
    S800UARTInit                             0x000041b1   Thumb Code    92  main.o(i.S800UARTInit)
    i.ScrollSetMessage                       0x0000421c   Section        0  main.o(i.ScrollSetMessage)
    ScrollSetMessage                         0x0000421d   Thumb Code   116  main.o(i.ScrollSetMessage)
    i.ScrollUpdate                           0x000042b0   Section        0  main.o(i.ScrollUpdate)
    ScrollUpdate                             0x000042b1   Thumb Code   116  main.o(i.ScrollUpdate)
    i.SendDisplayEvent                       0x0000433c   Section        0  main.o(i.SendDisplayEvent)
    SendDisplayEvent                         0x0000433d   Thumb Code  1284  main.o(i.SendDisplayEvent)
    i.SendFlipEvent                          0x0000484c   Section        0  main.o(i.SendFlipEvent)
    SendFlipEvent                            0x0000484d   Thumb Code    22  main.o(i.SendFlipEvent)
    i.SendFocusEvent                         0x00004888   Section        0  main.o(i.SendFocusEvent)
    SendFocusEvent                           0x00004889   Thumb Code    66  main.o(i.SendFocusEvent)
    i.SendKeyEvent                           0x000048ec   Section        0  main.o(i.SendKeyEvent)
    SendKeyEvent                             0x000048ed   Thumb Code    24  main.o(i.SendKeyEvent)
    i.SendLedEvent                           0x00004914   Section        0  main.o(i.SendLedEvent)
    SendLedEvent                             0x00004915   Thumb Code    28  main.o(i.SendLedEvent)
    i.SendModeEvent                          0x00004944   Section        0  main.o(i.SendModeEvent)
    SendModeEvent                            0x00004945   Thumb Code    22  main.o(i.SendModeEvent)
    i.SendState                              0x00004984   Section        0  main.o(i.SendState)
    SendState                                0x00004985   Thumb Code    44  main.o(i.SendState)
    i.StartupUpdate                          0x000049c4   Section        0  main.o(i.StartupUpdate)
    StartupUpdate                            0x000049c5   Thumb Code   222  main.o(i.StartupUpdate)
    i.SysCtlClockFreqSet                     0x00004ab4   Section        0  sysctl.o(i.SysCtlClockFreqSet)
    i.SysCtlPeripheralEnable                 0x00004da0   Section        0  sysctl.o(i.SysCtlPeripheralEnable)
    i.SysCtlPeripheralReady                  0x00004dc8   Section        0  sysctl.o(i.SysCtlPeripheralReady)
    i.SysTickEnable                          0x00004df4   Section        0  systick.o(i.SysTickEnable)
    i.SysTickIntEnable                       0x00004e02   Section        0  systick.o(i.SysTickIntEnable)
    i.SysTickPeriodSet                       0x00004e10   Section        0  systick.o(i.SysTickPeriodSet)
    i.SysTick_Handler                        0x00004e1c   Section        0  main.o(i.SysTick_Handler)
    i.SystemInit                             0x00004e64   Section        0  system_tm4c129.o(i.SystemInit)
    i.TIMER0A_Handler                        0x00004e84   Section        0  main.o(i.TIMER0A_Handler)
    i.TIMER1A_Handler                        0x00004ed4   Section        0  main.o(i.TIMER1A_Handler)
    i.TimerConfigure                         0x00004f28   Section        0  timer.o(i.TimerConfigure)
    i.TimerDisable                           0x00004f88   Section        0  timer.o(i.TimerDisable)
    i.TimerEnable                            0x00004f98   Section        0  timer.o(i.TimerEnable)
    i.TimerIntClear                          0x00004fa6   Section        0  timer.o(i.TimerIntClear)
    i.TimerIntEnable                         0x00004faa   Section        0  timer.o(i.TimerIntEnable)
    i.TimerLoadSet                           0x00004fb2   Section        0  timer.o(i.TimerLoadSet)
    i.UART0_Handler                          0x00004fc4   Section        0  main.o(i.UART0_Handler)
    i.UARTCharGetNonBlocking                 0x000050fc   Section        0  uart.o(i.UARTCharGetNonBlocking)
    i.UARTCharPut                            0x0000510c   Section        0  uart.o(i.UARTCharPut)
    i.UARTCharsAvail                         0x00005118   Section        0  uart.o(i.UARTCharsAvail)
    i.UARTConfigSetExpClk                    0x00005122   Section        0  uart.o(i.UARTConfigSetExpClk)
    i.UARTIntClear                           0x00005190   Section        0  uart.o(i.UARTIntClear)
    i.UARTIntEnable                          0x00005194   Section        0  uart.o(i.UARTIntEnable)
    i.UARTIntStatus                          0x0000519c   Section        0  uart.o(i.UARTIntStatus)
    i.UARTPut2                               0x000051a8   Section        0  main.o(i.UARTPut2)
    UARTPut2                                 0x000051a9   Thumb Code    46  main.o(i.UARTPut2)
    i.UARTPut4                               0x000051dc   Section        0  main.o(i.UARTPut4)
    UARTPut4                                 0x000051dd   Thumb Code   114  main.o(i.UARTPut4)
    i.UARTPutDateText                        0x00005254   Section        0  main.o(i.UARTPutDateText)
    UARTPutDateText                          0x00005255   Thumb Code   180  main.o(i.UARTPutDateText)
    i.UARTPutHex                             0x00005310   Section        0  main.o(i.UARTPutHex)
    UARTPutHex                               0x00005311   Thumb Code    34  main.o(i.UARTPutHex)
    i.UARTPutString                          0x0000533c   Section        0  main.o(i.UARTPutString)
    UARTPutString                            0x0000533d   Thumb Code    28  main.o(i.UARTPutString)
    i.UARTPutTimeText                        0x0000535c   Section        0  main.o(i.UARTPutTimeText)
    UARTPutTimeText                          0x0000535d   Thumb Code   162  main.o(i.UARTPutTimeText)
    i.UARTPutUInt                            0x00005408   Section        0  main.o(i.UARTPutUInt)
    UARTPutUInt                              0x00005409   Thumb Code    66  main.o(i.UARTPutUInt)
    i.WeatherSetMessage                      0x00005450   Section        0  main.o(i.WeatherSetMessage)
    WeatherSetMessage                        0x00005451   Thumb Code   198  main.o(i.WeatherSetMessage)
    i.main                                   0x00005540   Section        0  main.o(i.main)
    x$fpl$fpinit                             0x000056ac   Section       10  fpinit.o(x$fpl$fpinit)
    $v0                                      0x000056ac   Number         0  fpinit.o(x$fpl$fpinit)
    .constdata                               0x000056b6   Section     1461  main.o(.constdata)
    g_segment_code                           0x000056b6   Data          11  main.o(.constdata)
    g_startup_student_id                     0x000056c1   Data           8  main.o(.constdata)
    g_startup_name                           0x000056c9   Data           8  main.o(.constdata)
    g_startup_version                        0x000056d1   Data           8  main.o(.constdata)
    g_music_wind                             0x000056da   Data        1396  main.o(.constdata)
    days                                     0x00005c4e   Data          12  main.o(.constdata)
    hex                                      0x00005c5a   Data          17  main.o(.constdata)
    .constdata                               0x00005c6c   Section      552  gpio.o(.constdata)
    g_ppui32GPIOIntMapBlizzard               0x00005c6c   Data         192  gpio.o(.constdata)
    g_ppui32GPIOIntMapSnowflake              0x00005d2c   Data         216  gpio.o(.constdata)
    g_pui32GPIOBaseAddrs                     0x00005e04   Data         144  gpio.o(.constdata)
    .constdata                               0x00005e94   Section      268  interrupt.o(.constdata)
    g_pui32Priority                          0x00005e94   Data          32  interrupt.o(.constdata)
    g_pui32Regs                              0x00005eb4   Data         156  interrupt.o(.constdata)
    g_pui32EnRegs                            0x00005f50   Data          20  interrupt.o(.constdata)
    g_pui32Dii16Regs                         0x00005f64   Data          20  interrupt.o(.constdata)
    g_pui32PendRegs                          0x00005f78   Data          20  interrupt.o(.constdata)
    g_pui32UnpendRegs                        0x00005f8c   Data          20  interrupt.o(.constdata)
    .constdata                               0x00005fa0   Section      596  sysctl.o(.constdata)
    g_pui32VCOFrequencies                    0x00005fa0   Data           8  sysctl.o(.constdata)
    g_pui32Xtals                             0x00005fa8   Data         108  sysctl.o(.constdata)
    g_pppui32XTALtoVCO                       0x00006014   Data         432  sysctl.o(.constdata)
    g_sXTALtoMEMTIM                          0x000061c4   Data          48  sysctl.o(.constdata)
    .conststring                             0x000061f4   Section       56  main.o(.conststring)
    .data                                    0x20000000   Section      228  main.o(.data)
    g_milliseconds                           0x20000000   Data           4  main.o(.data)
    g_keys_due                               0x20000004   Data           1  main.o(.data)
    g_second_due                             0x20000005   Data           1  main.o(.data)
    g_uart_rx_length                         0x20000006   Data           1  main.o(.data)
    g_command_ready                          0x20000007   Data           1  main.o(.data)
    g_uart_rx_overflow                       0x20000008   Data           1  main.o(.data)
    g_system_clock                           0x2000000c   Data           4  main.o(.data)
    g_hour                                   0x20000010   Data           1  main.o(.data)
    g_minute                                 0x20000011   Data           1  main.o(.data)
    g_second                                 0x20000012   Data           1  main.o(.data)
    g_year                                   0x20000014   Data           2  main.o(.data)
    g_month                                  0x20000016   Data           1  main.o(.data)
    g_day                                    0x20000017   Data           1  main.o(.data)
    g_display_mode                           0x20000018   Data           1  main.o(.data)
    g_display_enabled                        0x20000019   Data           1  main.o(.data)
    g_alarm_hour                             0x2000001a   Data           1  main.o(.data)
    g_alarm_minute                           0x2000001b   Data           1  main.o(.data)
    g_alarm_second                           0x2000001c   Data           1  main.o(.data)
    g_alarm_enabled                          0x2000001d   Data           1  main.o(.data)
    g_alarm_ringing                          0x2000001e   Data           1  main.o(.data)
    g_alarm_match_latched                    0x2000001f   Data           1  main.o(.data)
    g_equal_time_latched                     0x20000020   Data           1  main.o(.data)
    g_buzzer_enabled                         0x20000021   Data           1  main.o(.data)
    g_buzzer_level                           0x20000022   Data           1  main.o(.data)
    g_buzzer_current_freq                    0x20000024   Data           2  main.o(.data)
    g_alarm_started_ms                       0x20000028   Data           4  main.o(.data)
    g_manual_beep_until_ms                   0x2000002c   Data           4  main.o(.data)
    g_uart_activity_until_ms                 0x20000030   Data           4  main.o(.data)
    g_time_sync_ok                           0x20000034   Data           1  main.o(.data)
    g_time_sync_until_ms                     0x20000038   Data           4  main.o(.data)
    g_display_position                       0x2000003c   Data           1  main.o(.data)
    g_focus_active                           0x2000003d   Data           1  main.o(.data)
    g_focus_duration_minutes                 0x2000003e   Data           1  main.o(.data)
    g_focus_remaining_seconds                0x20000040   Data           4  main.o(.data)
    g_focus_completed_count                  0x20000044   Data           2  main.o(.data)
    g_stable_keys                            0x20000046   Data           1  main.o(.data)
    g_raw_keys                               0x20000047   Data           1  main.o(.data)
    g_key_stable_count                       0x20000048   Data           1  main.o(.data)
    g_stable_user_keys                       0x20000049   Data           1  main.o(.data)
    g_raw_user_keys                          0x2000004a   Data           1  main.o(.data)
    g_user_key_stable_count                  0x2000004b   Data           1  main.o(.data)
    g_startup_complete                       0x2000004c   Data           1  main.o(.data)
    g_startup_phase                          0x2000004d   Data           1  main.o(.data)
    g_format_right                           0x2000004e   Data           1  main.o(.data)
    g_display_flip                           0x2000004f   Data           1  main.o(.data)
    g_night_mode                             0x20000050   Data           1  main.o(.data)
    g_scroll_fast                            0x20000051   Data           1  main.o(.data)
    g_scroll_length                          0x20000052   Data           1  main.o(.data)
    g_scroll_offset                          0x20000053   Data           1  main.o(.data)
    g_scroll_next_ms                         0x20000054   Data           4  main.o(.data)
    g_weather_codes                          0x20000058   Data           8  main.o(.data)
    g_weather_chars                          0x20000060   Data           8  main.o(.data)
    g_weather_length                         0x20000068   Data           1  main.o(.data)
    g_weather_condition                      0x20000069   Data           1  main.o(.data)
    g_weather_show_until_ms                  0x2000006c   Data           4  main.o(.data)
    g_led_last_output                        0x20000070   Data           1  main.o(.data)
    g_led_override                           0x20000071   Data           1  main.o(.data)
    g_led_override_value                     0x20000072   Data           1  main.o(.data)
    g_edit_mode                              0x20000073   Data           1  main.o(.data)
    g_edit_field                             0x20000074   Data           1  main.o(.data)
    g_edit_last_key_ms                       0x20000078   Data           4  main.o(.data)
    g_edit_year                              0x2000007c   Data           2  main.o(.data)
    g_edit_month                             0x2000007e   Data           1  main.o(.data)
    g_edit_day                               0x2000007f   Data           1  main.o(.data)
    g_edit_hour                              0x20000080   Data           1  main.o(.data)
    g_edit_minute                            0x20000081   Data           1  main.o(.data)
    g_edit_second                            0x20000082   Data           1  main.o(.data)
    g_edit_alarm_hour                        0x20000083   Data           1  main.o(.data)
    g_edit_alarm_minute                      0x20000084   Data           1  main.o(.data)
    g_edit_alarm_second                      0x20000085   Data           1  main.o(.data)
    g_edit_alarm_touched                     0x20000086   Data           1  main.o(.data)
    g_edit_display_phase                     0x20000087   Data           1  main.o(.data)
    g_add_next_repeat_ms                     0x20000088   Data           4  main.o(.data)
    g_key_long_sent                          0x2000008c   Data           1  main.o(.data)
    g_save_key_latched                       0x2000008d   Data           1  main.o(.data)
    g_music_notes                            0x20000090   Data           4  main.o(.data)
    g_music_length                           0x20000094   Data           2  main.o(.data)
    g_music_index                            0x20000096   Data           2  main.o(.data)
    g_music_note_elapsed_ms                  0x20000098   Data           2  main.o(.data)
    g_music_note_duration_ms                 0x2000009a   Data           2  main.o(.data)
    g_music_active                           0x2000009c   Data           1  main.o(.data)
    g_music_finished_event                   0x2000009d   Data           1  main.o(.data)
    save_release_count                       0x2000009e   Data           1  main.o(.data)
    names                                    0x200000a0   Data          32  main.o(.data)
    names                                    0x200000c0   Data          32  main.o(.data)
    next_scan_ms                             0x200000e0   Data           4  main.o(.data)
    .data                                    0x200000e4   Section        4  system_tm4c129.o(.data)
    .bss                                     0x200000e8   Section      160  main.o(.bss)
    g_uart_rx                                0x200000e8   Data          64  main.o(.bss)
    g_scroll_codes                           0x20000128   Data          32  main.o(.bss)
    g_scroll_chars                           0x20000148   Data          32  main.o(.bss)
    g_key_down_ms                            0x20000168   Data          32  main.o(.bss)
    .bss                                     0x20000188   Section       96  libspace.o(.bss)
    HEAP                                     0x200001e8   Section        0  startup_tm4c129.o(HEAP)
    STACK                                    0x200001e8   Section      512  startup_tm4c129.o(STACK)
    Heap_Mem                                 0x200001e8   Data           0  startup_tm4c129.o(HEAP)
    Stack_Mem                                0x200001e8   Data         512  startup_tm4c129.o(STACK)
    __initial_sp                             0x200003e8   Data           0  startup_tm4c129.o(STACK)

    Global Symbols

    Symbol Name                              Value     Ov Type        Size  Object(Section)

    BuildAttributes$$THM_ISAv4$E$P$D$K$B$S$7EM$VFPi3$EXTD16$VFPS$VFMA$PE$A:L22UL41UL21$X:L11$S22US41US21$IEEE1$IW$USESV6$~STKCKD$USESV7$~SHL$OTIME$ROPI$EBA8$UX$STANDARDLIB$REQ8$PRES8$EABIv2 0x00000000   Number         0  anon$$obj.o ABSOLUTE
    __ARM_use_no_argv                        0x00000000   Number         0  main.o ABSOLUTE
    __Vectors                                0x00000000   Data           4  startup_tm4c129.o(RESET)
    __ARM_exceptions_init                     - Undefined Weak Reference
    __alloca_initialize                       - Undefined Weak Reference
    __arm_preinit_                            - Undefined Weak Reference
    __cpp_initialize__aeabi_                  - Undefined Weak Reference
    __cxa_finalize                            - Undefined Weak Reference
    __rt_locale                               - Undefined Weak Reference
    __sigvec_lookup                           - Undefined Weak Reference
    _atexit_init                              - Undefined Weak Reference
    _call_atexit_fns                          - Undefined Weak Reference
    _clock_init                               - Undefined Weak Reference
    _fp_trap_init                             - Undefined Weak Reference
    _fp_trap_shutdown                         - Undefined Weak Reference
    _get_lc_collate                           - Undefined Weak Reference
    _get_lc_ctype                             - Undefined Weak Reference
    _get_lc_monetary                          - Undefined Weak Reference
    _get_lc_numeric                           - Undefined Weak Reference
    _get_lc_time                              - Undefined Weak Reference
    _getenv_init                              - Undefined Weak Reference
    _handle_redirection                       - Undefined Weak Reference
    _init_alloc                               - Undefined Weak Reference
    _init_user_alloc                          - Undefined Weak Reference
    _initio                                   - Undefined Weak Reference
    _rand_init                                - Undefined Weak Reference
    _signal_finish                            - Undefined Weak Reference
    _signal_init                              - Undefined Weak Reference
    _terminate_alloc                          - Undefined Weak Reference
    _terminate_user_alloc                     - Undefined Weak Reference
    _terminateio                              - Undefined Weak Reference
    __Vectors_End                            0x00000200   Data           0  startup_tm4c129.o(RESET)
    __Vectors_Size                           0x00000200   Number         0  startup_tm4c129.o ABSOLUTE
    __main                                   0x00000201   Thumb Code     8  __main.o(!!!main)
    __scatterload                            0x00000209   Thumb Code     0  __scatter.o(!!!scatter)
    __scatterload_rt2                        0x00000209   Thumb Code    44  __scatter.o(!!!scatter)
    __scatterload_rt2_thumb_only             0x00000209   Thumb Code     0  __scatter.o(!!!scatter)
    __scatterload_null                       0x00000217   Thumb Code     0  __scatter.o(!!!scatter)
    __scatterload_copy                       0x0000023d   Thumb Code    26  __scatter_copy.o(!!handler_copy)
    __scatterload_zeroinit                   0x00000259   Thumb Code    28  __scatter_zi.o(!!handler_zi)
    __rt_lib_init                            0x00000275   Thumb Code     0  libinit.o(.ARM.Collect$$libinit$$00000000)
    __rt_lib_init_fp_1                       0x00000277   Thumb Code     0  libinit2.o(.ARM.Collect$$libinit$$00000001)
    __rt_lib_init_alloca_1                   0x0000027b   Thumb Code     0  libinit2.o(.ARM.Collect$$libinit$$0000002E)
    __rt_lib_init_argv_1                     0x0000027b   Thumb Code     0  libinit2.o(.ARM.Collect$$libinit$$0000002C)
    __rt_lib_init_atexit_1                   0x0000027b   Thumb Code     0  libinit2.o(.ARM.Collect$$libinit$$0000001B)
    __rt_lib_init_clock_1                    0x0000027b   Thumb Code     0  libinit2.o(.ARM.Collect$$libinit$$00000021)
    __rt_lib_init_cpp_1                      0x0000027b   Thumb Code     0  libinit2.o(.ARM.Collect$$libinit$$00000032)
    __rt_lib_init_exceptions_1               0x0000027b   Thumb Code     0  libinit2.o(.ARM.Collect$$libinit$$00000030)
    __rt_lib_init_fp_trap_1                  0x0000027b   Thumb Code     0  libinit2.o(.ARM.Collect$$libinit$$0000001F)
    __rt_lib_init_getenv_1                   0x0000027b   Thumb Code     0  libinit2.o(.ARM.Collect$$libinit$$00000023)
    __rt_lib_init_heap_1                     0x0000027b   Thumb Code     0  libinit2.o(.ARM.Collect$$libinit$$0000000A)
    __rt_lib_init_lc_collate_1               0x0000027b   Thumb Code     0  libinit2.o(.ARM.Collect$$libinit$$00000011)
    __rt_lib_init_lc_ctype_1                 0x0000027b   Thumb Code     0  libinit2.o(.ARM.Collect$$libinit$$00000013)
    __rt_lib_init_lc_monetary_1              0x0000027b   Thumb Code     0  libinit2.o(.ARM.Collect$$libinit$$00000015)
    __rt_lib_init_lc_numeric_1               0x0000027b   Thumb Code     0  libinit2.o(.ARM.Collect$$libinit$$00000017)
    __rt_lib_init_lc_time_1                  0x0000027b   Thumb Code     0  libinit2.o(.ARM.Collect$$libinit$$00000019)
    __rt_lib_init_preinit_1                  0x0000027b   Thumb Code     0  libinit2.o(.ARM.Collect$$libinit$$00000004)
    __rt_lib_init_rand_1                     0x0000027b   Thumb Code     0  libinit2.o(.ARM.Collect$$libinit$$0000000E)
    __rt_lib_init_return                     0x0000027b   Thumb Code     0  libinit2.o(.ARM.Collect$$libinit$$00000033)
    __rt_lib_init_signal_1                   0x0000027b   Thumb Code     0  libinit2.o(.ARM.Collect$$libinit$$0000001D)
    __rt_lib_init_stdio_1                    0x0000027b   Thumb Code     0  libinit2.o(.ARM.Collect$$libinit$$00000025)
    __rt_lib_init_user_alloc_1               0x0000027b   Thumb Code     0  libinit2.o(.ARM.Collect$$libinit$$0000000C)
    __rt_lib_shutdown                        0x0000027d   Thumb Code     0  libshutdown.o(.ARM.Collect$$libshutdown$$00000000)
    __rt_lib_shutdown_cpp_1                  0x0000027f   Thumb Code     0  libshutdown2.o(.ARM.Collect$$libshutdown$$00000002)
    __rt_lib_shutdown_fp_trap_1              0x0000027f   Thumb Code     0  libshutdown2.o(.ARM.Collect$$libshutdown$$00000007)
    __rt_lib_shutdown_heap_1                 0x0000027f   Thumb Code     0  libshutdown2.o(.ARM.Collect$$libshutdown$$0000000F)
    __rt_lib_shutdown_return                 0x0000027f   Thumb Code     0  libshutdown2.o(.ARM.Collect$$libshutdown$$00000010)
    __rt_lib_shutdown_signal_1               0x0000027f   Thumb Code     0  libshutdown2.o(.ARM.Collect$$libshutdown$$0000000A)
    __rt_lib_shutdown_stdio_1                0x0000027f   Thumb Code     0  libshutdown2.o(.ARM.Collect$$libshutdown$$00000004)
    __rt_lib_shutdown_user_alloc_1           0x0000027f   Thumb Code     0  libshutdown2.o(.ARM.Collect$$libshutdown$$0000000C)
    __rt_entry                               0x00000281   Thumb Code     0  __rtentry.o(.ARM.Collect$$rtentry$$00000000)
    __rt_entry_presh_1                       0x00000281   Thumb Code     0  __rtentry2.o(.ARM.Collect$$rtentry$$00000002)
    __rt_entry_sh                            0x00000281   Thumb Code     0  __rtentry4.o(.ARM.Collect$$rtentry$$00000004)
    __rt_entry_li                            0x00000287   Thumb Code     0  __rtentry2.o(.ARM.Collect$$rtentry$$0000000A)
    __rt_entry_postsh_1                      0x00000287   Thumb Code     0  __rtentry2.o(.ARM.Collect$$rtentry$$00000009)
    __rt_entry_main                          0x0000028b   Thumb Code     0  __rtentry2.o(.ARM.Collect$$rtentry$$0000000D)
    __rt_entry_postli_1                      0x0000028b   Thumb Code     0  __rtentry2.o(.ARM.Collect$$rtentry$$0000000C)
    __rt_exit                                0x00000293   Thumb Code     0  rtexit.o(.ARM.Collect$$rtexit$$00000000)
    __rt_exit_ls                             0x00000295   Thumb Code     0  rtexit2.o(.ARM.Collect$$rtexit$$00000003)
    __rt_exit_prels_1                        0x00000295   Thumb Code     0  rtexit2.o(.ARM.Collect$$rtexit$$00000002)
    __rt_exit_exit                           0x00000299   Thumb Code     0  rtexit2.o(.ARM.Collect$$rtexit$$00000004)
    CPUcpsid                                 0x000002a1   Thumb Code     8  cpu.o(.emb_text)
    CPUprimask                               0x000002a9   Thumb Code     6  cpu.o(.emb_text)
    CPUcpsie                                 0x000002af   Thumb Code     8  cpu.o(.emb_text)
    CPUwfi                                   0x000002b7   Thumb Code     4  cpu.o(.emb_text)
    CPUbasepriSet                            0x000002bb   Thumb Code     6  cpu.o(.emb_text)
    CPUbasepriGet                            0x000002c1   Thumb Code     6  cpu.o(.emb_text)
    Reset_Handler                            0x000002c9   Thumb Code     8  startup_tm4c129.o(.text)
    NMI_Handler                              0x000002d1   Thumb Code     2  startup_tm4c129.o(.text)
    HardFault_Handler                        0x000002d3   Thumb Code     2  startup_tm4c129.o(.text)
    MemManage_Handler                        0x000002d5   Thumb Code     2  startup_tm4c129.o(.text)
    BusFault_Handler                         0x000002d7   Thumb Code     2  startup_tm4c129.o(.text)
    UsageFault_Handler                       0x000002d9   Thumb Code     2  startup_tm4c129.o(.text)
    SVC_Handler                              0x000002db   Thumb Code     2  startup_tm4c129.o(.text)
    DebugMon_Handler                         0x000002dd   Thumb Code     2  startup_tm4c129.o(.text)
    PendSV_Handler                           0x000002df   Thumb Code     2  startup_tm4c129.o(.text)
    GPIOA_Handler                            0x000002e3   Thumb Code     2  startup_tm4c129.o(.text)
    GPIOB_Handler                            0x000002e5   Thumb Code     2  startup_tm4c129.o(.text)
    GPIOC_Handler                            0x000002e7   Thumb Code     2  startup_tm4c129.o(.text)
    GPIOD_Handler                            0x000002e9   Thumb Code     2  startup_tm4c129.o(.text)
    GPIOE_Handler                            0x000002eb   Thumb Code     2  startup_tm4c129.o(.text)
    UART1_Handler                            0x000002ef   Thumb Code     2  startup_tm4c129.o(.text)
    SSI0_Handler                             0x000002f1   Thumb Code     2  startup_tm4c129.o(.text)
    I2C0_Handler                             0x000002f3   Thumb Code     2  startup_tm4c129.o(.text)
    PMW0_FAULT_Handler                       0x000002f5   Thumb Code     2  startup_tm4c129.o(.text)
    PWM0_0_Handler                           0x000002f7   Thumb Code     2  startup_tm4c129.o(.text)
    PWM0_1_Handler                           0x000002f9   Thumb Code     2  startup_tm4c129.o(.text)
    PWM0_2_Handler                           0x000002fb   Thumb Code     2  startup_tm4c129.o(.text)
    QEI0_Handler                             0x000002fd   Thumb Code     2  startup_tm4c129.o(.text)
    ADC0SS0_Handler                          0x000002ff   Thumb Code     2  startup_tm4c129.o(.text)
    ADC0SS1_Handler                          0x00000301   Thumb Code     2  startup_tm4c129.o(.text)
    ADC0SS2_Handler                          0x00000303   Thumb Code     2  startup_tm4c129.o(.text)
    ADC0SS3_Handler                          0x00000305   Thumb Code     2  startup_tm4c129.o(.text)
    WDT0_Handler                             0x00000307   Thumb Code     2  startup_tm4c129.o(.text)
    TIMER0B_Handler                          0x0000030b   Thumb Code     2  startup_tm4c129.o(.text)
    TIMER1B_Handler                          0x0000030f   Thumb Code     2  startup_tm4c129.o(.text)
    TIMER2A_Handler                          0x00000311   Thumb Code     2  startup_tm4c129.o(.text)
    TIMER2B_Handler                          0x00000313   Thumb Code     2  startup_tm4c129.o(.text)
    COMP0_Handler                            0x00000315   Thumb Code     2  startup_tm4c129.o(.text)
    COMP1_Handler                            0x00000317   Thumb Code     2  startup_tm4c129.o(.text)
    COMP2_Handler                            0x00000319   Thumb Code     2  startup_tm4c129.o(.text)
    SYSCTL_Handler                           0x0000031b   Thumb Code     2  startup_tm4c129.o(.text)
    FLASH_Handler                            0x0000031d   Thumb Code     2  startup_tm4c129.o(.text)
    GPIOF_Handler                            0x0000031f   Thumb Code     2  startup_tm4c129.o(.text)
    GPIOG_Handler                            0x00000321   Thumb Code     2  startup_tm4c129.o(.text)
    GPIOH_Handler                            0x00000323   Thumb Code     2  startup_tm4c129.o(.text)
    UART2_Handler                            0x00000325   Thumb Code     2  startup_tm4c129.o(.text)
    SSI1_Handler                             0x00000327   Thumb Code     2  startup_tm4c129.o(.text)
    TIMER3A_Handler                          0x00000329   Thumb Code     2  startup_tm4c129.o(.text)
    TIMER3B_Handler                          0x0000032b   Thumb Code     2  startup_tm4c129.o(.text)
    I2C1_Handler                             0x0000032d   Thumb Code     2  startup_tm4c129.o(.text)
    CAN0_Handler                             0x0000032f   Thumb Code     2  startup_tm4c129.o(.text)
    CAN1_Handler                             0x00000331   Thumb Code     2  startup_tm4c129.o(.text)
    ETH_Handler                              0x00000333   Thumb Code     2  startup_tm4c129.o(.text)
    HIB_Handler                              0x00000335   Thumb Code     2  startup_tm4c129.o(.text)
    USB0_Handler                             0x00000337   Thumb Code     2  startup_tm4c129.o(.text)
    PWM0_3_Handler                           0x00000339   Thumb Code     2  startup_tm4c129.o(.text)
    UDMA_Handler                             0x0000033b   Thumb Code     2  startup_tm4c129.o(.text)
    UDMAERR_Handler                          0x0000033d   Thumb Code     2  startup_tm4c129.o(.text)
    ADC1SS0_Handler                          0x0000033f   Thumb Code     2  startup_tm4c129.o(.text)
    ADC1SS1_Handler                          0x00000341   Thumb Code     2  startup_tm4c129.o(.text)
    ADC1SS2_Handler                          0x00000343   Thumb Code     2  startup_tm4c129.o(.text)
    ADC1SS3_Handler                          0x00000345   Thumb Code     2  startup_tm4c129.o(.text)
    EBI0_Handler                             0x00000347   Thumb Code     2  startup_tm4c129.o(.text)
    GPIOJ_Handler                            0x00000349   Thumb Code     2  startup_tm4c129.o(.text)
    GPIOK_Handler                            0x0000034b   Thumb Code     2  startup_tm4c129.o(.text)
    GPIOL_Handler                            0x0000034d   Thumb Code     2  startup_tm4c129.o(.text)
    SSI2_Handler                             0x0000034f   Thumb Code     2  startup_tm4c129.o(.text)
    SSI3_Handler                             0x00000351   Thumb Code     2  startup_tm4c129.o(.text)
    UART3_Handler                            0x00000353   Thumb Code     2  startup_tm4c129.o(.text)
    UART4_Handler                            0x00000355   Thumb Code     2  startup_tm4c129.o(.text)
    UART5_Handler                            0x00000357   Thumb Code     2  startup_tm4c129.o(.text)
    UART6_Handler                            0x00000359   Thumb Code     2  startup_tm4c129.o(.text)
    UART7_Handler                            0x0000035b   Thumb Code     2  startup_tm4c129.o(.text)
    I2C2_Handler                             0x0000035d   Thumb Code     2  startup_tm4c129.o(.text)
    I2C3_Handler                             0x0000035f   Thumb Code     2  startup_tm4c129.o(.text)
    TIMER4A_Handler                          0x00000361   Thumb Code     2  startup_tm4c129.o(.text)
    TIMER4B_Handler                          0x00000363   Thumb Code     2  startup_tm4c129.o(.text)
    TIMER5A_Handler                          0x00000365   Thumb Code     2  startup_tm4c129.o(.text)
    TIMER5B_Handler                          0x00000367   Thumb Code     2  startup_tm4c129.o(.text)
    WTIMER0A_Handler                         0x00000369   Thumb Code     2  startup_tm4c129.o(.text)
    WTIMER0B_Handler                         0x0000036b   Thumb Code     2  startup_tm4c129.o(.text)
    WTIMER1A_Handler                         0x0000036d   Thumb Code     2  startup_tm4c129.o(.text)
    WTIMER1B_Handler                         0x0000036f   Thumb Code     2  startup_tm4c129.o(.text)
    WTIMER2A_Handler                         0x00000371   Thumb Code     2  startup_tm4c129.o(.text)
    WTIMER2B_Handler                         0x00000373   Thumb Code     2  startup_tm4c129.o(.text)
    WTIMER3A_Handler                         0x00000375   Thumb Code     2  startup_tm4c129.o(.text)
    WTIMER3B_Handler                         0x00000377   Thumb Code     2  startup_tm4c129.o(.text)
    WTIMER4A_Handler                         0x00000379   Thumb Code     2  startup_tm4c129.o(.text)
    WTIMER4B_Handler                         0x0000037b   Thumb Code     2  startup_tm4c129.o(.text)
    WTIMER5A_Handler                         0x0000037d   Thumb Code     2  startup_tm4c129.o(.text)
    WTIMER5B_Handler                         0x0000037f   Thumb Code     2  startup_tm4c129.o(.text)
    FPU_Handler                              0x00000381   Thumb Code     2  startup_tm4c129.o(.text)
    I2C4_Handler                             0x00000383   Thumb Code     2  startup_tm4c129.o(.text)
    I2C5_Handler                             0x00000385   Thumb Code     2  startup_tm4c129.o(.text)
    GPIOM_Handler                            0x00000387   Thumb Code     2  startup_tm4c129.o(.text)
    GPION_Handler                            0x00000389   Thumb Code     2  startup_tm4c129.o(.text)
    TAMPER_Handler                           0x0000038b   Thumb Code     2  startup_tm4c129.o(.text)
    GPIOP0_Handler                           0x0000038d   Thumb Code     2  startup_tm4c129.o(.text)
    GPIOP1_Handler                           0x0000038f   Thumb Code     2  startup_tm4c129.o(.text)
    GPIOP2_Handler                           0x00000391   Thumb Code     2  startup_tm4c129.o(.text)
    GPIOP3_Handler                           0x00000393   Thumb Code     2  startup_tm4c129.o(.text)
    GPIOP4_Handler                           0x00000395   Thumb Code     2  startup_tm4c129.o(.text)
    GPIOP5_Handler                           0x00000397   Thumb Code     2  startup_tm4c129.o(.text)
    GPIOP6_Handler                           0x00000399   Thumb Code     2  startup_tm4c129.o(.text)
    GPIOP7_Handler                           0x0000039b   Thumb Code     2  startup_tm4c129.o(.text)
    GPIOQ0_Handler                           0x0000039d   Thumb Code     2  startup_tm4c129.o(.text)
    GPIOQ1_Handler                           0x0000039f   Thumb Code     2  startup_tm4c129.o(.text)
    GPIOQ2_Handler                           0x000003a1   Thumb Code     2  startup_tm4c129.o(.text)
    GPIOQ3_Handler                           0x000003a3   Thumb Code     2  startup_tm4c129.o(.text)
    GPIOQ4_Handler                           0x000003a5   Thumb Code     2  startup_tm4c129.o(.text)
    GPIOQ5_Handler                           0x000003a7   Thumb Code     2  startup_tm4c129.o(.text)
    GPIOQ6_Handler                           0x000003a9   Thumb Code     2  startup_tm4c129.o(.text)
    GPIOQ7_Handler                           0x000003ab   Thumb Code     2  startup_tm4c129.o(.text)
    GPIOR_Handler                            0x000003ad   Thumb Code     2  startup_tm4c129.o(.text)
    GPIOS_Handler                            0x000003af   Thumb Code     2  startup_tm4c129.o(.text)
    SHAMD5_Handler                           0x000003b1   Thumb Code     2  startup_tm4c129.o(.text)
    AES_Handler                              0x000003b3   Thumb Code     2  startup_tm4c129.o(.text)
    DES3DES_Handler                          0x000003b5   Thumb Code     2  startup_tm4c129.o(.text)
    LCDCONTROLLER_Handler                    0x000003b7   Thumb Code     2  startup_tm4c129.o(.text)
    TIMER6A_Handler                          0x000003b9   Thumb Code     2  startup_tm4c129.o(.text)
    TIMER6B_Handler                          0x000003bb   Thumb Code     2  startup_tm4c129.o(.text)
    TIMER7A_Handler                          0x000003bd   Thumb Code     2  startup_tm4c129.o(.text)
    TIMER7B_Handler                          0x000003bf   Thumb Code     2  startup_tm4c129.o(.text)
    I2C6_Handler                             0x000003c1   Thumb Code     2  startup_tm4c129.o(.text)
    I2C7_Handler                             0x000003c3   Thumb Code     2  startup_tm4c129.o(.text)
    HIMSCANKEYBOARD_Handler                  0x000003c5   Thumb Code     2  startup_tm4c129.o(.text)
    ONEWIRE_Handler                          0x000003c7   Thumb Code     2  startup_tm4c129.o(.text)
    HIMPS2_Handler                           0x000003c9   Thumb Code     2  startup_tm4c129.o(.text)
    HIMLEDSEQUENCER_Handler                  0x000003cb   Thumb Code     2  startup_tm4c129.o(.text)
    HIMCONSUMERIR_Handler                    0x000003cd   Thumb Code     2  startup_tm4c129.o(.text)
    I2C8_Handler                             0x000003cf   Thumb Code     2  startup_tm4c129.o(.text)
    I2C9_Handler                             0x000003d1   Thumb Code     2  startup_tm4c129.o(.text)
    GPIOT_Handler                            0x000003d3   Thumb Code     2  startup_tm4c129.o(.text)
    __user_initial_stackheap                 0x000003d5   Thumb Code     0  startup_tm4c129.o(.text)
    __use_two_region_memory                  0x000003f5   Thumb Code     2  heapauxi.o(.text)
    __rt_heap_escrow$2region                 0x000003f7   Thumb Code     2  heapauxi.o(.text)
    __rt_heap_expand$2region                 0x000003f9   Thumb Code     2  heapauxi.o(.text)
    __user_setup_stackheap                   0x000003fb   Thumb Code    74  sys_stackheap_outer.o(.text)
    exit                                     0x00000445   Thumb Code    18  exit.o(.text)
    __user_libspace                          0x00000459   Thumb Code     8  libspace.o(.text)
    __user_perproc_libspace                  0x00000459   Thumb Code     0  libspace.o(.text)
    __user_perthread_libspace                0x00000459   Thumb Code     0  libspace.o(.text)
    _sys_exit                                0x00000461   Thumb Code     8  sys_exit.o(.text)
    __I$use$semihosting                      0x0000046d   Thumb Code     0  use_no_semi.o(.text)
    __use_no_semihosting_swi                 0x0000046d   Thumb Code     2  use_no_semi.o(.text)
    __semihosting_library_function           0x0000046f   Thumb Code     0  indicate_semi.o(.text)
    GPIODirModeSet                           0x000014e1   Thumb Code    40  gpio.o(i.GPIODirModeSet)
    GPIOPadConfigSet                         0x00001509   Thumb Code   312  gpio.o(i.GPIOPadConfigSet)
    GPIOPinConfigure                         0x00001641   Thumb Code    60  gpio.o(i.GPIOPinConfigure)
    GPIOPinRead                              0x00001685   Thumb Code     6  gpio.o(i.GPIOPinRead)
    GPIOPinTypeGPIOInput                     0x0000168b   Thumb Code    28  gpio.o(i.GPIOPinTypeGPIOInput)
    GPIOPinTypeGPIOOutput                    0x000016a7   Thumb Code    28  gpio.o(i.GPIOPinTypeGPIOOutput)
    GPIOPinTypeI2C                           0x000016c3   Thumb Code    28  gpio.o(i.GPIOPinTypeI2C)
    GPIOPinTypeI2CSCL                        0x000016df   Thumb Code    28  gpio.o(i.GPIOPinTypeI2CSCL)
    GPIOPinTypeUART                          0x000016fb   Thumb Code    28  gpio.o(i.GPIOPinTypeUART)
    GPIOPinWrite                             0x00001717   Thumb Code     6  gpio.o(i.GPIOPinWrite)
    I2CMasterBusy                            0x00001865   Thumb Code    12  i2c.o(i.I2CMasterBusy)
    I2CMasterControl                         0x00001871   Thumb Code     4  i2c.o(i.I2CMasterControl)
    I2CMasterDataGet                         0x00001875   Thumb Code     4  i2c.o(i.I2CMasterDataGet)
    I2CMasterDataPut                         0x00001879   Thumb Code     4  i2c.o(i.I2CMasterDataPut)
    I2CMasterErr                             0x0000187d   Thumb Code    24  i2c.o(i.I2CMasterErr)
    I2CMasterInitExpClk                      0x00001895   Thumb Code    72  i2c.o(i.I2CMasterInitExpClk)
    I2CMasterSlaveAddrSet                    0x000018e9   Thumb Code     8  i2c.o(i.I2CMasterSlaveAddrSet)
    IntEnable                                0x000018f1   Thumb Code    92  interrupt.o(i.IntEnable)
    IntMasterEnable                          0x00001955   Thumb Code    14  interrupt.o(i.IntMasterEnable)
    IntPrioritySet                           0x00001965   Thumb Code    36  interrupt.o(i.IntPrioritySet)
    SysCtlClockFreqSet                       0x00004ab5   Thumb Code   706  sysctl.o(i.SysCtlClockFreqSet)
    SysCtlPeripheralEnable                   0x00004da1   Thumb Code    36  sysctl.o(i.SysCtlPeripheralEnable)
    SysCtlPeripheralReady                    0x00004dc9   Thumb Code    40  sysctl.o(i.SysCtlPeripheralReady)
    SysTickEnable                            0x00004df5   Thumb Code    14  systick.o(i.SysTickEnable)
    SysTickIntEnable                         0x00004e03   Thumb Code    14  systick.o(i.SysTickIntEnable)
    SysTickPeriodSet                         0x00004e11   Thumb Code    10  systick.o(i.SysTickPeriodSet)
    SysTick_Handler                          0x00004e1d   Thumb Code    58  main.o(i.SysTick_Handler)
    SystemInit                               0x00004e65   Thumb Code    20  system_tm4c129.o(i.SystemInit)
    TIMER0A_Handler                          0x00004e85   Thumb Code    64  main.o(i.TIMER0A_Handler)
    TIMER1A_Handler                          0x00004ed5   Thumb Code    68  main.o(i.TIMER1A_Handler)
    TimerConfigure                           0x00004f29   Thumb Code    88  timer.o(i.TimerConfigure)
    TimerDisable                             0x00004f89   Thumb Code    16  timer.o(i.TimerDisable)
    TimerEnable                              0x00004f99   Thumb Code    14  timer.o(i.TimerEnable)
    TimerIntClear                            0x00004fa7   Thumb Code     4  timer.o(i.TimerIntClear)
    TimerIntEnable                           0x00004fab   Thumb Code     8  timer.o(i.TimerIntEnable)
    TimerLoadSet                             0x00004fb3   Thumb Code    18  timer.o(i.TimerLoadSet)
    UART0_Handler                            0x00004fc5   Thumb Code   282  main.o(i.UART0_Handler)
    UARTCharGetNonBlocking                   0x000050fd   Thumb Code    16  uart.o(i.UARTCharGetNonBlocking)
    UARTCharPut                              0x0000510d   Thumb Code    12  uart.o(i.UARTCharPut)
    UARTCharsAvail                           0x00005119   Thumb Code    10  uart.o(i.UARTCharsAvail)
    UARTConfigSetExpClk                      0x00005123   Thumb Code   110  uart.o(i.UARTConfigSetExpClk)
    UARTIntClear                             0x00005191   Thumb Code     4  uart.o(i.UARTIntClear)
    UARTIntEnable                            0x00005195   Thumb Code     8  uart.o(i.UARTIntEnable)
    UARTIntStatus                            0x0000519d   Thumb Code    10  uart.o(i.UARTIntStatus)
    main                                     0x00005541   Thumb Code   236  main.o(i.main)
    _fp_init                                 0x000056ad   Thumb Code    10  fpinit.o(x$fpl$fpinit)
    __fplib_config_fpu_vfp                   0x000056b5   Thumb Code     0  fpinit.o(x$fpl$fpinit)
    __fplib_config_pureend_doubles           0x000056b5   Thumb Code     0  fpinit.o(x$fpl$fpinit)
    Region$$Table$$Base                      0x0000622c   Number         0  anon$$obj.o(Region$$Table)
    Region$$Table$$Limit                     0x0000624c   Number         0  anon$$obj.o(Region$$Table)
    SystemCoreClock                          0x200000e4   Data           4  system_tm4c129.o(.data)
    __libspace_start                         0x20000188   Data          96  libspace.o(.bss)
    __temporary_stack_top$libspace           0x200001e8   Data           0  libspace.o(.bss)



==============================================================================

Memory Map of the image

  Image Entry point : 0x00000201

  Load Region LR_IROM1 (Base: 0x00000000, Size: 0x00006334, Max: 0x00100000, ABSOLUTE)

    Execution Region ER_IROM1 (Exec base: 0x00000000, Load base: 0x00000000, Size: 0x0000624c, Max: 0x00100000, ABSOLUTE)

    Exec Addr    Load Addr    Size         Type   Attr      Idx    E Section Name        Object

    0x00000000   0x00000000   0x00000200   Data   RO          420    RESET               startup_tm4c129.o
    0x00000200   0x00000200   0x00000008   Code   RO         2227  * !!!main             c_w.l(__main.o)
    0x00000208   0x00000208   0x00000034   Code   RO         2384    !!!scatter          c_w.l(__scatter.o)
    0x0000023c   0x0000023c   0x0000001a   Code   RO         2386    !!handler_copy      c_w.l(__scatter_copy.o)
    0x00000256   0x00000256   0x00000002   PAD
    0x00000258   0x00000258   0x0000001c   Code   RO         2388    !!handler_zi        c_w.l(__scatter_zi.o)
    0x00000274   0x00000274   0x00000002   Code   RO         2254    .ARM.Collect$$libinit$$00000000  c_w.l(libinit.o)
    0x00000276   0x00000276   0x00000004   Code   RO         2260    .ARM.Collect$$libinit$$00000001  c_w.l(libinit2.o)
    0x0000027a   0x0000027a   0x00000000   Code   RO         2263    .ARM.Collect$$libinit$$00000004  c_w.l(libinit2.o)
    0x0000027a   0x0000027a   0x00000000   Code   RO         2266    .ARM.Collect$$libinit$$0000000A  c_w.l(libinit2.o)
    0x0000027a   0x0000027a   0x00000000   Code   RO         2268    .ARM.Collect$$libinit$$0000000C  c_w.l(libinit2.o)
    0x0000027a   0x0000027a   0x00000000   Code   RO         2270    .ARM.Collect$$libinit$$0000000E  c_w.l(libinit2.o)
    0x0000027a   0x0000027a   0x00000000   Code   RO         2273    .ARM.Collect$$libinit$$00000011  c_w.l(libinit2.o)
    0x0000027a   0x0000027a   0x00000000   Code   RO         2275    .ARM.Collect$$libinit$$00000013  c_w.l(libinit2.o)
    0x0000027a   0x0000027a   0x00000000   Code   RO         2277    .ARM.Collect$$libinit$$00000015  c_w.l(libinit2.o)
    0x0000027a   0x0000027a   0x00000000   Code   RO         2279    .ARM.Collect$$libinit$$00000017  c_w.l(libinit2.o)
    0x0000027a   0x0000027a   0x00000000   Code   RO         2281    .ARM.Collect$$libinit$$00000019  c_w.l(libinit2.o)
    0x0000027a   0x0000027a   0x00000000   Code   RO         2283    .ARM.Collect$$libinit$$0000001B  c_w.l(libinit2.o)
    0x0000027a   0x0000027a   0x00000000   Code   RO         2285    .ARM.Collect$$libinit$$0000001D  c_w.l(libinit2.o)
    0x0000027a   0x0000027a   0x00000000   Code   RO         2287    .ARM.Collect$$libinit$$0000001F  c_w.l(libinit2.o)
    0x0000027a   0x0000027a   0x00000000   Code   RO         2289    .ARM.Collect$$libinit$$00000021  c_w.l(libinit2.o)
    0x0000027a   0x0000027a   0x00000000   Code   RO         2291    .ARM.Collect$$libinit$$00000023  c_w.l(libinit2.o)
    0x0000027a   0x0000027a   0x00000000   Code   RO         2293    .ARM.Collect$$libinit$$00000025  c_w.l(libinit2.o)
    0x0000027a   0x0000027a   0x00000000   Code   RO         2297    .ARM.Collect$$libinit$$0000002C  c_w.l(libinit2.o)
    0x0000027a   0x0000027a   0x00000000   Code   RO         2299    .ARM.Collect$$libinit$$0000002E  c_w.l(libinit2.o)
    0x0000027a   0x0000027a   0x00000000   Code   RO         2301    .ARM.Collect$$libinit$$00000030  c_w.l(libinit2.o)
    0x0000027a   0x0000027a   0x00000000   Code   RO         2303    .ARM.Collect$$libinit$$00000032  c_w.l(libinit2.o)
    0x0000027a   0x0000027a   0x00000002   Code   RO         2304    .ARM.Collect$$libinit$$00000033  c_w.l(libinit2.o)
    0x0000027c   0x0000027c   0x00000002   Code   RO         2324    .ARM.Collect$$libshutdown$$00000000  c_w.l(libshutdown.o)
    0x0000027e   0x0000027e   0x00000000   Code   RO         2337    .ARM.Collect$$libshutdown$$00000002  c_w.l(libshutdown2.o)
    0x0000027e   0x0000027e   0x00000000   Code   RO         2339    .ARM.Collect$$libshutdown$$00000004  c_w.l(libshutdown2.o)
    0x0000027e   0x0000027e   0x00000000   Code   RO         2342    .ARM.Collect$$libshutdown$$00000007  c_w.l(libshutdown2.o)
    0x0000027e   0x0000027e   0x00000000   Code   RO         2345    .ARM.Collect$$libshutdown$$0000000A  c_w.l(libshutdown2.o)
    0x0000027e   0x0000027e   0x00000000   Code   RO         2347    .ARM.Collect$$libshutdown$$0000000C  c_w.l(libshutdown2.o)
    0x0000027e   0x0000027e   0x00000000   Code   RO         2350    .ARM.Collect$$libshutdown$$0000000F  c_w.l(libshutdown2.o)
    0x0000027e   0x0000027e   0x00000002   Code   RO         2351    .ARM.Collect$$libshutdown$$00000010  c_w.l(libshutdown2.o)
    0x00000280   0x00000280   0x00000000   Code   RO         2229    .ARM.Collect$$rtentry$$00000000  c_w.l(__rtentry.o)
    0x00000280   0x00000280   0x00000000   Code   RO         2231    .ARM.Collect$$rtentry$$00000002  c_w.l(__rtentry2.o)
    0x00000280   0x00000280   0x00000006   Code   RO         2243    .ARM.Collect$$rtentry$$00000004  c_w.l(__rtentry4.o)
    0x00000286   0x00000286   0x00000000   Code   RO         2233    .ARM.Collect$$rtentry$$00000009  c_w.l(__rtentry2.o)
    0x00000286   0x00000286   0x00000004   Code   RO         2234    .ARM.Collect$$rtentry$$0000000A  c_w.l(__rtentry2.o)
    0x0000028a   0x0000028a   0x00000000   Code   RO         2236    .ARM.Collect$$rtentry$$0000000C  c_w.l(__rtentry2.o)
    0x0000028a   0x0000028a   0x00000008   Code   RO         2237    .ARM.Collect$$rtentry$$0000000D  c_w.l(__rtentry2.o)
    0x00000292   0x00000292   0x00000002   Code   RO         2258    .ARM.Collect$$rtexit$$00000000  c_w.l(rtexit.o)
    0x00000294   0x00000294   0x00000000   Code   RO         2306    .ARM.Collect$$rtexit$$00000002  c_w.l(rtexit2.o)
    0x00000294   0x00000294   0x00000004   Code   RO         2307    .ARM.Collect$$rtexit$$00000003  c_w.l(rtexit2.o)
    0x00000298   0x00000298   0x00000006   Code   RO         2308    .ARM.Collect$$rtexit$$00000004  c_w.l(rtexit2.o)
    0x0000029e   0x0000029e   0x00000002   PAD
    0x000002a0   0x000002a0   0x00000026   Code   RO         2213    .emb_text           driverlib.lib(cpu.o)
    0x000002c6   0x000002c6   0x00000002   PAD
    0x000002c8   0x000002c8   0x0000012c   Code   RO          421    .text               startup_tm4c129.o
    0x000003f4   0x000003f4   0x00000006   Code   RO         2225    .text               c_w.l(heapauxi.o)
    0x000003fa   0x000003fa   0x0000004a   Code   RO         2245    .text               c_w.l(sys_stackheap_outer.o)
    0x00000444   0x00000444   0x00000012   Code   RO         2247    .text               c_w.l(exit.o)
    0x00000456   0x00000456   0x00000002   PAD
    0x00000458   0x00000458   0x00000008   Code   RO         2255    .text               c_w.l(libspace.o)
    0x00000460   0x00000460   0x0000000c   Code   RO         2316    .text               c_w.l(sys_exit.o)
    0x0000046c   0x0000046c   0x00000002   Code   RO         2327    .text               c_w.l(use_no_semi.o)
    0x0000046e   0x0000046e   0x00000000   Code   RO         2329    .text               c_w.l(indicate_semi.o)
    0x0000046e   0x0000046e   0x00000002   PAD
    0x00000470   0x00000470   0x000000a8   Code   RO            1    i.AlarmCheckTrigger  main.o
    0x00000518   0x00000518   0x00000058   Code   RO            2    i.AlarmLatchCurrentMatch  main.o
    0x00000570   0x00000570   0x000000ac   Code   RO            3    i.AlarmUpdate       main.o
    0x0000061c   0x0000061c   0x00000002   Code   RO            4    i.BuzzerDuty        main.o
    0x0000061e   0x0000061e   0x00000002   PAD
    0x00000620   0x00000620   0x0000002c   Code   RO            5    i.BuzzerInit        main.o
    0x0000064c   0x0000064c   0x00000058   Code   RO            6    i.BuzzerSet         main.o
    0x000006a4   0x000006a4   0x0000003c   Code   RO            7    i.BuzzerTone        main.o
    0x000006e0   0x000006e0   0x000000c4   Code   RO            8    i.CharacterToSegment  main.o
    0x000007a4   0x000007a4   0x00000064   Code   RO            9    i.ClockTick         main.o
    0x00000808   0x00000808   0x00000030   Code   RO           10    i.CommandEquals     main.o
    0x00000838   0x00000838   0x00000068   Code   RO           11    i.DateIncrement     main.o
    0x000008a0   0x000008a0   0x0000002c   Code   RO           12    i.DaysInMonth       main.o
    0x000008cc   0x000008cc   0x000005b0   Code   RO           13    i.DisplayScan       main.o
    0x00000e7c   0x00000e7c   0x00000250   Code   RO           14    i.EditAdd           main.o
    0x000010cc   0x000010cc   0x000000c0   Code   RO           15    i.EditBegin         main.o
    0x0000118c   0x0000118c   0x00000014   Code   RO           16    i.EditCancel        main.o
    0x000011a0   0x000011a0   0x000001a8   Code   RO           17    i.EditSave          main.o
    0x00001348   0x00001348   0x000000c0   Code   RO           18    i.EqualTimeCheckTrigger  main.o
    0x00001408   0x00001408   0x00000034   Code   RO           19    i.FocusStart        main.o
    0x0000143c   0x0000143c   0x00000070   Code   RO           20    i.FocusStop         main.o
    0x000014ac   0x000014ac   0x00000034   Code   RO           21    i.FocusUpdate       main.o
    0x000014e0   0x000014e0   0x00000028   Code   RO          486    i.GPIODirModeSet    driverlib.lib(gpio.o)
    0x00001508   0x00001508   0x00000138   Code   RO          498    i.GPIOPadConfigSet  driverlib.lib(gpio.o)
    0x00001640   0x00001640   0x00000044   Code   RO          499    i.GPIOPinConfigure  driverlib.lib(gpio.o)
    0x00001684   0x00001684   0x00000006   Code   RO          500    i.GPIOPinRead       driverlib.lib(gpio.o)
    0x0000168a   0x0000168a   0x0000001c   Code   RO          509    i.GPIOPinTypeGPIOInput  driverlib.lib(gpio.o)
    0x000016a6   0x000016a6   0x0000001c   Code   RO          510    i.GPIOPinTypeGPIOOutput  driverlib.lib(gpio.o)
    0x000016c2   0x000016c2   0x0000001c   Code   RO          513    i.GPIOPinTypeI2C    driverlib.lib(gpio.o)
    0x000016de   0x000016de   0x0000001c   Code   RO          514    i.GPIOPinTypeI2CSCL  driverlib.lib(gpio.o)
    0x000016fa   0x000016fa   0x0000001c   Code   RO          522    i.GPIOPinTypeUART   driverlib.lib(gpio.o)
    0x00001716   0x00001716   0x00000006   Code   RO          528    i.GPIOPinWrite      driverlib.lib(gpio.o)
    0x0000171c   0x0000171c   0x00000080   Code   RO           22    i.HandleKeyPress    main.o
    0x0000179c   0x0000179c   0x00000064   Code   RO           23    i.I2C0ReadByte      main.o
    0x00001800   0x00001800   0x00000064   Code   RO           24    i.I2C0WriteByte     main.o
    0x00001864   0x00001864   0x0000000c   Code   RO          823    i.I2CMasterBusy     driverlib.lib(i2c.o)
    0x00001870   0x00001870   0x00000004   Code   RO          824    i.I2CMasterControl  driverlib.lib(i2c.o)
    0x00001874   0x00001874   0x00000004   Code   RO          825    i.I2CMasterDataGet  driverlib.lib(i2c.o)
    0x00001878   0x00001878   0x00000004   Code   RO          826    i.I2CMasterDataPut  driverlib.lib(i2c.o)
    0x0000187c   0x0000187c   0x00000018   Code   RO          829    i.I2CMasterErr      driverlib.lib(i2c.o)
    0x00001894   0x00001894   0x00000054   Code   RO          831    i.I2CMasterInitExpClk  driverlib.lib(i2c.o)
    0x000018e8   0x000018e8   0x00000008   Code   RO          841    i.I2CMasterSlaveAddrSet  driverlib.lib(i2c.o)
    0x000018f0   0x000018f0   0x00000064   Code   RO         1150    i.IntEnable         driverlib.lib(interrupt.o)
    0x00001954   0x00001954   0x0000000e   Code   RO         1153    i.IntMasterEnable   driverlib.lib(interrupt.o)
    0x00001962   0x00001962   0x00000002   PAD
    0x00001964   0x00001964   0x00000028   Code   RO         1161    i.IntPrioritySet    driverlib.lib(interrupt.o)
    0x0000198c   0x0000198c   0x0000002a   Code   RO           25    i.IsLeapYear        main.o
    0x000019b6   0x000019b6   0x00000002   PAD
    0x000019b8   0x000019b8   0x000001b8   Code   RO           26    i.KeyOnPressed      main.o
    0x00001b70   0x00001b70   0x00000128   Code   RO           27    i.LEDUpdate         main.o
    0x00001c98   0x00001c98   0x0000009c   Code   RO           28    i.MusicLoadNextNote  main.o
    0x00001d34   0x00001d34   0x000000a8   Code   RO           29    i.MusicStart        main.o
    0x00001ddc   0x00001ddc   0x00000070   Code   RO           30    i.MusicStop         main.o
    0x00001e4c   0x00001e4c   0x000000b8   Code   RO           31    i.MusicTimerInit    main.o
    0x00001f04   0x00001f04   0x0000004c   Code   RO           32    i.MusicUpdate       main.o
    0x00001f50   0x00001f50   0x0000002a   Code   RO           33    i.NameEquals        main.o
    0x00001f7a   0x00001f7a   0x00000034   Code   RO           34    i.Parse2            main.o
    0x00001fae   0x00001fae   0x00000038   Code   RO           35    i.Parse4            main.o
    0x00001fe6   0x00001fe6   0x0000004c   Code   RO           36    i.ParseHex2         main.o
    0x00002032   0x00002032   0x00000046   Code   RO           37    i.ParseUInt         main.o
    0x00002078   0x00002078   0x00000260   Code   RO           38    i.ProcessAlarmSet   main.o
    0x000022d8   0x000022d8   0x00001540   Code   RO           39    i.ProcessCommand    main.o
    0x00003818   0x00003818   0x000001c4   Code   RO           40    i.ProcessDateSet    main.o
    0x000039dc   0x000039dc   0x00000294   Code   RO           41    i.ProcessKeys       main.o
    0x00003c70   0x00003c70   0x00000218   Code   RO           42    i.ProcessTimeSet    main.o
    0x00003e88   0x00003e88   0x00000144   Code   RO           43    i.ProcessWeatherSet  main.o
    0x00003fcc   0x00003fcc   0x00000060   Code   RO           44    i.ReadToken         main.o
    0x0000402c   0x0000402c   0x00000064   Code   RO           45    i.ReadValue         main.o
    0x00004090   0x00004090   0x0000004e   Code   RO           46    i.RotateSegment180  main.o
    0x000040de   0x000040de   0x00000002   PAD
    0x000040e0   0x000040e0   0x00000034   Code   RO           47    i.S800GPIOInit      main.o
    0x00004114   0x00004114   0x0000009c   Code   RO           48    i.S800I2CInit       main.o
    0x000041b0   0x000041b0   0x0000006c   Code   RO           49    i.S800UARTInit      main.o
    0x0000421c   0x0000421c   0x00000094   Code   RO           50    i.ScrollSetMessage  main.o
    0x000042b0   0x000042b0   0x0000008c   Code   RO           51    i.ScrollUpdate      main.o
    0x0000433c   0x0000433c   0x00000510   Code   RO           52    i.SendDisplayEvent  main.o
    0x0000484c   0x0000484c   0x0000003c   Code   RO           53    i.SendFlipEvent     main.o
    0x00004888   0x00004888   0x00000064   Code   RO           54    i.SendFocusEvent    main.o
    0x000048ec   0x000048ec   0x00000028   Code   RO           55    i.SendKeyEvent      main.o
    0x00004914   0x00004914   0x00000030   Code   RO           56    i.SendLedEvent      main.o
    0x00004944   0x00004944   0x00000040   Code   RO           57    i.SendModeEvent     main.o
    0x00004984   0x00004984   0x00000040   Code   RO           58    i.SendState         main.o
    0x000049c4   0x000049c4   0x000000f0   Code   RO           59    i.StartupUpdate     main.o
    0x00004ab4   0x00004ab4   0x000002ec   Code   RO         1267    i.SysCtlClockFreqSet  driverlib.lib(sysctl.o)
    0x00004da0   0x00004da0   0x00000028   Code   RO         1299    i.SysCtlPeripheralEnable  driverlib.lib(sysctl.o)
    0x00004dc8   0x00004dc8   0x0000002c   Code   RO         1303    i.SysCtlPeripheralReady  driverlib.lib(sysctl.o)
    0x00004df4   0x00004df4   0x0000000e   Code   RO         1614    i.SysTickEnable     driverlib.lib(systick.o)
    0x00004e02   0x00004e02   0x0000000e   Code   RO         1616    i.SysTickIntEnable  driverlib.lib(systick.o)
    0x00004e10   0x00004e10   0x0000000a   Code   RO         1620    i.SysTickPeriodSet  driverlib.lib(systick.o)
    0x00004e1a   0x00004e1a   0x00000002   PAD
    0x00004e1c   0x00004e1c   0x00000048   Code   RO           60    i.SysTick_Handler   main.o
    0x00004e64   0x00004e64   0x00000020   Code   RO          430    i.SystemInit        system_tm4c129.o
    0x00004e84   0x00004e84   0x00000050   Code   RO           61    i.TIMER0A_Handler   main.o
    0x00004ed4   0x00004ed4   0x00000054   Code   RO           62    i.TIMER1A_Handler   main.o
    0x00004f28   0x00004f28   0x00000060   Code   RO         1680    i.TimerConfigure    driverlib.lib(timer.o)
    0x00004f88   0x00004f88   0x00000010   Code   RO         1688    i.TimerDisable      driverlib.lib(timer.o)
    0x00004f98   0x00004f98   0x0000000e   Code   RO         1689    i.TimerEnable       driverlib.lib(timer.o)
    0x00004fa6   0x00004fa6   0x00000004   Code   RO         1690    i.TimerIntClear     driverlib.lib(timer.o)
    0x00004faa   0x00004faa   0x00000008   Code   RO         1692    i.TimerIntEnable    driverlib.lib(timer.o)
    0x00004fb2   0x00004fb2   0x00000012   Code   RO         1698    i.TimerLoadSet      driverlib.lib(timer.o)
    0x00004fc4   0x00004fc4   0x00000138   Code   RO           63    i.UART0_Handler     main.o
    0x000050fc   0x000050fc   0x00000010   Code   RO         1925    i.UARTCharGetNonBlocking  driverlib.lib(uart.o)
    0x0000510c   0x0000510c   0x0000000c   Code   RO         1926    i.UARTCharPut       driverlib.lib(uart.o)
    0x00005118   0x00005118   0x0000000a   Code   RO         1928    i.UARTCharsAvail    driverlib.lib(uart.o)
    0x00005122   0x00005122   0x0000006e   Code   RO         1932    i.UARTConfigSetExpClk  driverlib.lib(uart.o)
    0x00005190   0x00005190   0x00000004   Code   RO         1945    i.UARTIntClear      driverlib.lib(uart.o)
    0x00005194   0x00005194   0x00000008   Code   RO         1947    i.UARTIntEnable     driverlib.lib(uart.o)
    0x0000519c   0x0000519c   0x0000000a   Code   RO         1949    i.UARTIntStatus     driverlib.lib(uart.o)
    0x000051a6   0x000051a6   0x00000002   PAD
    0x000051a8   0x000051a8   0x00000034   Code   RO           64    i.UARTPut2          main.o
    0x000051dc   0x000051dc   0x00000078   Code   RO           65    i.UARTPut4          main.o
    0x00005254   0x00005254   0x000000bc   Code   RO           66    i.UARTPutDateText   main.o
    0x00005310   0x00005310   0x0000002c   Code   RO           67    i.UARTPutHex        main.o
    0x0000533c   0x0000533c   0x00000020   Code   RO           68    i.UARTPutString     main.o
    0x0000535c   0x0000535c   0x000000ac   Code   RO           69    i.UARTPutTimeText   main.o
    0x00005408   0x00005408   0x00000048   Code   RO           70    i.UARTPutUInt       main.o
    0x00005450   0x00005450   0x000000f0   Code   RO           71    i.WeatherSetMessage  main.o
    0x00005540   0x00005540   0x0000016c   Code   RO           72    i.main              main.o
    0x000056ac   0x000056ac   0x0000000a   Code   RO         2314    x$fpl$fpinit        fz_wm.l(fpinit.o)
    0x000056b6   0x000056b6   0x000005b5   Data   RO           74    .constdata          main.o
    0x00005c6b   0x00005c6b   0x00000001   PAD
    0x00005c6c   0x00005c6c   0x00000228   Data   RO          530    .constdata          driverlib.lib(gpio.o)
    0x00005e94   0x00005e94   0x0000010c   Data   RO         1166    .constdata          driverlib.lib(interrupt.o)
    0x00005fa0   0x00005fa0   0x00000254   Data   RO         1321    .constdata          driverlib.lib(sysctl.o)
    0x000061f4   0x000061f4   0x00000038   Data   RO           75    .conststring        main.o
    0x0000622c   0x0000622c   0x00000020   Data   RO         2382    Region$$Table       anon$$obj.o


    Execution Region RW_IRAM1 (Exec base: 0x20000000, Load base: 0x0000624c, Size: 0x000003e8, Max: 0x00040000, ABSOLUTE)

    Exec Addr    Load Addr    Size         Type   Attr      Idx    E Section Name        Object

    0x20000000   0x0000624c   0x000000e4   Data   RW           76    .data               main.o
    0x200000e4   0x00006330   0x00000004   Data   RW          431    .data               system_tm4c129.o
    0x200000e8        -       0x000000a0   Zero   RW           73    .bss                main.o
    0x20000188        -       0x00000060   Zero   RW         2256    .bss                c_w.l(libspace.o)
    0x200001e8        -       0x00000000   Zero   RW          419    HEAP                startup_tm4c129.o
    0x200001e8        -       0x00000200   Zero   RW          418    STACK               startup_tm4c129.o


==============================================================================

Image component sizes


      Code (inc. data)   RO Data    RW Data    ZI Data      Debug   Object Name

     18946       3724       1517        228        160      59321   main.o
       300         22        512          0        512       6072   startup_tm4c129.o
        32         12          0          4          0        799   system_tm4c129.o

    ----------------------------------------------------------------------
     19284       3758       2062        232        672      66192   Object Totals
         0          0         32          0          0          0   (incl. Generated)
         6          0          1          0          0          0   (incl. Padding)

    ----------------------------------------------------------------------

      Code (inc. data)   RO Data    RW Data    ZI Data      Debug   Library Member Name

         8          0          0          0          0         68   __main.o
         0          0          0          0          0          0   __rtentry.o
        12          0          0          0          0          0   __rtentry2.o
         6          0          0          0          0          0   __rtentry4.o
        52          8          0          0          0          0   __scatter.o
        26          0          0          0          0          0   __scatter_copy.o
        28          0          0          0          0          0   __scatter_zi.o
        18          0          0          0          0         80   exit.o
         6          0          0          0          0        152   heapauxi.o
         0          0          0          0          0          0   indicate_semi.o
         2          0          0          0          0          0   libinit.o
         6          0          0          0          0          0   libinit2.o
         2          0          0          0          0          0   libshutdown.o
         2          0          0          0          0          0   libshutdown2.o
         8          4          0          0         96         68   libspace.o
         2          0          0          0          0          0   rtexit.o
        10          0          0          0          0          0   rtexit2.o
        12          4          0          0          0         68   sys_exit.o
        74          0          0          0          0         80   sys_stackheap_outer.o
         2          0          0          0          0         68   use_no_semi.o
        38          0          0          0          0        560   cpu.o
       572          8        552          0          0      10394   gpio.o
       140         12          0          0          0       4775   i2c.o
       154         12        268          0          0       2603   interrupt.o
       832         50        596          0          0       5390   sysctl.o
        38          0          0          0          0       1394   systick.o
       156          8          0          0          0       3318   timer.o
       170          0          0          0          0       4826   uart.o
        10          0          0          0          0        116   fpinit.o

    ----------------------------------------------------------------------
      2402        106       1416          0         96      33960   Library Totals
        16          0          0          0          0          0   (incl. Padding)

    ----------------------------------------------------------------------

      Code (inc. data)   RO Data    RW Data    ZI Data      Debug   Library Name

       276         16          0          0         96        584   c_w.l
      2100         90       1416          0          0      33260   driverlib.lib
        10          0          0          0          0        116   fz_wm.l

    ----------------------------------------------------------------------
      2402        106       1416          0         96      33960   Library Totals

    ----------------------------------------------------------------------

==============================================================================


      Code (inc. data)   RO Data    RW Data    ZI Data      Debug   

     21686       3864       3478        232        768      89496   Grand Totals
     21686       3864       3478        232        768      89496   ELF Image Totals
     21686       3864       3478        232          0          0   ROM Totals

==============================================================================

    Total RO  Size (Code + RO Data)                25164 (  24.57kB)
    Total RW  Size (RW Data + ZI Data)              1000 (   0.98kB)
    Total ROM Size (Code + RO Data + RW Data)      25396 (  24.80kB)

==============================================================================

